../SubGHz_Phy/App/subghz_phy_app.c:59:6:SubghzApp_Init	56	static
../SubGHz_Phy/App/subghz_phy_app.c:97:13:OnTxDone	8	static
../SubGHz_Phy/App/subghz_phy_app.c:105:13:OnRxDone	48	static
../SubGHz_Phy/App/subghz_phy_app.c:144:13:OnTxTimeout	8	static
../SubGHz_Phy/App/subghz_phy_app.c:150:13:OnRxTimeout	8	static
../SubGHz_Phy/App/subghz_phy_app.c:156:13:OnRxError	8	static
../SubGHz_Phy/App/subghz_phy_app.c:162:13:RX_Process	8	static
../SubGHz_Phy/App/subghz_phy_app.c:168:13:TX_Process	8	static
../SubGHz_Phy/App/subghz_phy_app.c:199:13:storePayload	16	static
../SubGHz_Phy/App/subghz_phy_app.c:208:6:HAL_GPIO_EXTI_Callback	16	static
