Archive member included to satisfy reference by file (symbol)

C:/ST/STM32CubeIDE_1.16.0/STM32CubeIDE/plugins/com.st.stm32cube.ide.mcu.externaltools.gnu-tools-for-stm32.12.3.rel1.win32_1.0.200.202406191623/tools/bin/../lib/gcc/arm-none-eabi/12.3.1/../../../../arm-none-eabi/lib/thumb/v7e-m/nofp\libc_nano.a(libc_a-exit.o)
                              C:/ST/STM32CubeIDE_1.16.0/STM32CubeIDE/plugins/com.st.stm32cube.ide.mcu.externaltools.gnu-tools-for-stm32.12.3.rel1.win32_1.0.200.202406191623/tools/bin/../lib/gcc/arm-none-eabi/12.3.1/../../../../arm-none-eabi/lib/thumb/v7e-m/nofp/crt0.o (exit)
C:/ST/STM32CubeIDE_1.16.0/STM32CubeIDE/plugins/com.st.stm32cube.ide.mcu.externaltools.gnu-tools-for-stm32.12.3.rel1.win32_1.0.200.202406191623/tools/bin/../lib/gcc/arm-none-eabi/12.3.1/../../../../arm-none-eabi/lib/thumb/v7e-m/nofp\libc_nano.a(libc_a-findfp.o)
                              C:/ST/STM32CubeIDE_1.16.0/STM32CubeIDE/plugins/com.st.stm32cube.ide.mcu.externaltools.gnu-tools-for-stm32.12.3.rel1.win32_1.0.200.202406191623/tools/bin/../lib/gcc/arm-none-eabi/12.3.1/../../../../arm-none-eabi/lib/thumb/v7e-m/nofp\libc_nano.a(libc_a-exit.o) (__stdio_exit_handler)
C:/ST/STM32CubeIDE_1.16.0/STM32CubeIDE/plugins/com.st.stm32cube.ide.mcu.externaltools.gnu-tools-for-stm32.12.3.rel1.win32_1.0.200.202406191623/tools/bin/../lib/gcc/arm-none-eabi/12.3.1/../../../../arm-none-eabi/lib/thumb/v7e-m/nofp\libc_nano.a(libc_a-fwalk.o)
                              C:/ST/STM32CubeIDE_1.16.0/STM32CubeIDE/plugins/com.st.stm32cube.ide.mcu.externaltools.gnu-tools-for-stm32.12.3.rel1.win32_1.0.200.202406191623/tools/bin/../lib/gcc/arm-none-eabi/12.3.1/../../../../arm-none-eabi/lib/thumb/v7e-m/nofp\libc_nano.a(libc_a-findfp.o) (_fwalk_sglue)
C:/ST/STM32CubeIDE_1.16.0/STM32CubeIDE/plugins/com.st.stm32cube.ide.mcu.externaltools.gnu-tools-for-stm32.12.3.rel1.win32_1.0.200.202406191623/tools/bin/../lib/gcc/arm-none-eabi/12.3.1/../../../../arm-none-eabi/lib/thumb/v7e-m/nofp\libc_nano.a(libc_a-stdio.o)
                              C:/ST/STM32CubeIDE_1.16.0/STM32CubeIDE/plugins/com.st.stm32cube.ide.mcu.externaltools.gnu-tools-for-stm32.12.3.rel1.win32_1.0.200.202406191623/tools/bin/../lib/gcc/arm-none-eabi/12.3.1/../../../../arm-none-eabi/lib/thumb/v7e-m/nofp\libc_nano.a(libc_a-findfp.o) (__sread)
C:/ST/STM32CubeIDE_1.16.0/STM32CubeIDE/plugins/com.st.stm32cube.ide.mcu.externaltools.gnu-tools-for-stm32.12.3.rel1.win32_1.0.200.202406191623/tools/bin/../lib/gcc/arm-none-eabi/12.3.1/../../../../arm-none-eabi/lib/thumb/v7e-m/nofp\libc_nano.a(libc_a-memset.o)
                              C:/ST/STM32CubeIDE_1.16.0/STM32CubeIDE/plugins/com.st.stm32cube.ide.mcu.externaltools.gnu-tools-for-stm32.12.3.rel1.win32_1.0.200.202406191623/tools/bin/../lib/gcc/arm-none-eabi/12.3.1/../../../../arm-none-eabi/lib/thumb/v7e-m/nofp/crt0.o (memset)
C:/ST/STM32CubeIDE_1.16.0/STM32CubeIDE/plugins/com.st.stm32cube.ide.mcu.externaltools.gnu-tools-for-stm32.12.3.rel1.win32_1.0.200.202406191623/tools/bin/../lib/gcc/arm-none-eabi/12.3.1/../../../../arm-none-eabi/lib/thumb/v7e-m/nofp\libc_nano.a(libc_a-closer.o)
                              C:/ST/STM32CubeIDE_1.16.0/STM32CubeIDE/plugins/com.st.stm32cube.ide.mcu.externaltools.gnu-tools-for-stm32.12.3.rel1.win32_1.0.200.202406191623/tools/bin/../lib/gcc/arm-none-eabi/12.3.1/../../../../arm-none-eabi/lib/thumb/v7e-m/nofp\libc_nano.a(libc_a-stdio.o) (_close_r)
C:/ST/STM32CubeIDE_1.16.0/STM32CubeIDE/plugins/com.st.stm32cube.ide.mcu.externaltools.gnu-tools-for-stm32.12.3.rel1.win32_1.0.200.202406191623/tools/bin/../lib/gcc/arm-none-eabi/12.3.1/../../../../arm-none-eabi/lib/thumb/v7e-m/nofp\libc_nano.a(libc_a-reent.o)
                              C:/ST/STM32CubeIDE_1.16.0/STM32CubeIDE/plugins/com.st.stm32cube.ide.mcu.externaltools.gnu-tools-for-stm32.12.3.rel1.win32_1.0.200.202406191623/tools/bin/../lib/gcc/arm-none-eabi/12.3.1/../../../../arm-none-eabi/lib/thumb/v7e-m/nofp\libc_nano.a(libc_a-closer.o) (errno)
C:/ST/STM32CubeIDE_1.16.0/STM32CubeIDE/plugins/com.st.stm32cube.ide.mcu.externaltools.gnu-tools-for-stm32.12.3.rel1.win32_1.0.200.202406191623/tools/bin/../lib/gcc/arm-none-eabi/12.3.1/../../../../arm-none-eabi/lib/thumb/v7e-m/nofp\libc_nano.a(libc_a-impure.o)
                              C:/ST/STM32CubeIDE_1.16.0/STM32CubeIDE/plugins/com.st.stm32cube.ide.mcu.externaltools.gnu-tools-for-stm32.12.3.rel1.win32_1.0.200.202406191623/tools/bin/../lib/gcc/arm-none-eabi/12.3.1/../../../../arm-none-eabi/lib/thumb/v7e-m/nofp\libc_nano.a(libc_a-reent.o) (_impure_ptr)
C:/ST/STM32CubeIDE_1.16.0/STM32CubeIDE/plugins/com.st.stm32cube.ide.mcu.externaltools.gnu-tools-for-stm32.12.3.rel1.win32_1.0.200.202406191623/tools/bin/../lib/gcc/arm-none-eabi/12.3.1/../../../../arm-none-eabi/lib/thumb/v7e-m/nofp\libc_nano.a(libc_a-lseekr.o)
[...]
Memory Configuration

Name             Origin             Length             Attributes
RAM              0x20000000         0x00010000         xrw
RAM2             0x10000000         0x00008000         xrw
FLASH            0x08000000         0x00040000         xr
*default*        0x00000000         0xffffffff

Linker script and memory map

LOAD C:/ST/STM32CubeIDE_1.16.0/STM32CubeIDE/plugins/com.st.stm32cube.ide.mcu.externaltools.gnu-tools-for-stm32.12.3.rel1.win32_1.0.200.202406191623/tools/bin/../lib/gcc/arm-none-eabi/12.3.1/thumb/v7e-m/nofp/crti.o
LOAD C:/ST/STM32CubeIDE_1.16.0/STM32CubeIDE/plugins/com.st.stm32cube.ide.mcu.externaltools.gnu-tools-for-stm32.12.3.rel1.win32_1.0.200.202406191623/tools/bin/../lib/gcc/arm-none-eabi/12.3.1/thumb/v7e-m/nofp/crtbegin.o
LOAD C:/ST/STM32CubeIDE_1.16.0/STM32CubeIDE/plugins/com.st.stm32cube.ide.mcu.externaltools.gnu-tools-for-stm32.12.3.rel1.win32_1.0.200.202406191623/tools/bin/../lib/gcc/arm-none-eabi/12.3.1/../../../../arm-none-eabi/lib/thumb/v7e-m/nofp/crt0.o
LOAD ./Core/Src/dma.o
LOAD ./Core/Src/gpio.o
LOAD ./Core/Src/main.o
LOAD ./Core/Src/rtc.o
LOAD ./Core/Src/stm32_lpm_if.o
LOAD ./Core/Src/stm32wlxx_hal_msp.o
LOAD ./Core/Src/stm32wlxx_it.o
LOAD ./Core/Src/subghz.o
LOAD ./Core/Src/sys_app.o
LOAD ./Core/Src/sys_debug.o
LOAD ./Core/Src/syscalls.o
LOAD ./Core/Src/sysmem.o
LOAD ./Core/Src/system_stm32wlxx.o
LOAD ./Core/Src/timer_if.o
LOAD ./Core/Src/usart.o
LOAD ./Core/Src/usart_if.o
LOAD ./Core/Src/utils.o
LOAD ./Core/Startup/startup_stm32wle5jcix.o
LOAD ./Drivers/BSP/STM32WLxx_Nucleo/stm32wlxx_nucleo.o
LOAD ./Drivers/BSP/STM32WLxx_Nucleo/stm32wlxx_nucleo_radio.o
LOAD ./Drivers/STM32WLxx_HAL_Driver/Src/stm32wlxx_hal.o
LOAD ./Drivers/STM32WLxx_HAL_Driver/Src/stm32wlxx_hal_adc.o
LOAD ./Drivers/STM32WLxx_HAL_Driver/Src/stm32wlxx_hal_adc_ex.o
LOAD ./Drivers/STM32WLxx_HAL_Driver/Src/stm32wlxx_hal_cortex.o
LOAD ./Drivers/STM32WLxx_HAL_Driver/Src/stm32wlxx_hal_crc.o
LOAD ./Drivers/STM32WLxx_HAL_Driver/Src/stm32wlxx_hal_crc_ex.o
LOAD ./Drivers/STM32WLxx_HAL_Driver/Src/stm32wlxx_hal_dma.o
LOAD ./Drivers/STM32WLxx_HAL_Driver/Src/stm32wlxx_hal_dma_ex.o
LOAD ./Drivers/STM32WLxx_HAL_Driver/Src/stm32wlxx_hal_exti.o
LOAD ./Drivers/STM32WLxx_HAL_Driver/Src/stm32wlxx_hal_flash.o
LOAD ./Drivers/STM32WLxx_HAL_Driver/Src/stm32wlxx_hal_flash_ex.o
LOAD ./Drivers/STM32WLxx_HAL_Driver/Src/stm32wlxx_hal_gpio.o
LOAD ./Drivers/STM32WLxx_HAL_Driver/Src/stm32wlxx_hal_i2c.o
LOAD ./Drivers/STM32WLxx_HAL_Driver/Src/stm32wlxx_hal_i2c_ex.o
LOAD ./Drivers/STM32WLxx_HAL_Driver/Src/stm32wlxx_hal_iwdg.o
LOAD ./Drivers/STM32WLxx_HAL_Driver/Src/stm32wlxx_hal_lptim.o
LOAD ./Drivers/STM32WLxx_HAL_Driver/Src/stm32wlxx_hal_pwr.o
LOAD ./Drivers/STM32WLxx_HAL_Driver/Src/stm32wlxx_hal_pwr_ex.o
LOAD ./Drivers/STM32WLxx_HAL_Driver/Src/stm32wlxx_hal_rcc.o
LOAD ./Drivers/STM32WLxx_HAL_Driver/Src/stm32wlxx_hal_rcc_ex.o
LOAD ./Drivers/STM32WLxx_HAL_Driver/Src/stm32wlxx_hal_rng.o
LOAD ./Drivers/STM32WLxx_HAL_Driver/Src/stm32wlxx_hal_rng_ex.o
LOAD ./Drivers/STM32WLxx_HAL_Driver/Src/stm32wlxx_hal_rtc.o
LOAD ./Drivers/STM32WLxx_HAL_Driver/Src/stm32wlxx_hal_rtc_ex.o
LOAD ./Drivers/STM32WLxx_HAL_Driver/Src/stm32wlxx_hal_spi.o
LOAD ./Drivers/STM32WLxx_HAL_Driver/Src/stm32wlxx_hal_spi_ex.o
LOAD ./Drivers/STM32WLxx_HAL_Driver/Src/stm32wlxx_hal_subghz.o
LOAD ./Drivers/STM32WLxx_HAL_Driver/Src/stm32wlxx_hal_tim.o
LOAD ./Drivers/STM32WLxx_HAL_Driver/Src/stm32wlxx_hal_tim_ex.o
LOAD ./Drivers/STM32WLxx_HAL_Driver/Src/stm32wlxx_hal_uart.o
LOAD ./Drivers/STM32WLxx_HAL_Driver/Src/stm32wlxx_hal_uart_ex.o
LOAD ./Drivers/STM32WLxx_HAL_Driver/Src/stm32wlxx_hal_wwdg.o
LOAD ./Drivers/STM32WLxx_HAL_Driver/Src/stm32wlxx_ll_adc.o
LOAD ./Middlewares/Third_Party/SubGHz_Phy/stm32_radio_driver/lr_fhss_mac.o
LOAD ./Middlewares/Third_Party/SubGHz_Phy/stm32_radio_driver/radio.o
LOAD ./Middlewares/Third_Party/SubGHz_Phy/stm32_radio_driver/radio_driver.o
LOAD ./Middlewares/Third_Party/SubGHz_Phy/stm32_radio_driver/radio_fw.o
LOAD ./Middlewares/Third_Party/SubGHz_Phy/stm32_radio_driver/wl_lr_fhss.o
LOAD ./SubGHz_Phy/App/app_subghz_phy.o
LOAD ./SubGHz_Phy/App/subghz_phy_app.o
LOAD ./SubGHz_Phy/Target/radio_board_if.o
LOAD ./Utilities/lpm/tiny_lpm/stm32_lpm.o
LOAD ./Utilities/misc/stm32_mem.o
LOAD ./Utilities/misc/stm32_systime.o
LOAD ./Utilities/misc/stm32_tiny_sscanf.o
LOAD ./Utilities/misc/stm32_tiny_vsnprintf.o
LOAD ./Utilities/sequencer/stm32_seq.o
LOAD ./Utilities/timer/stm32_timer.o
LOAD ./Utilities/trace/adv_trace/stm32_adv_trace.o
START GROUP
LOAD C:/ST/STM32CubeIDE_1.16.0/STM32CubeIDE/plugins/com.st.stm32cube.ide.mcu.externaltools.gnu-tools-for-stm32.12.3.rel1.win32_1.0.200.202406191623/tools/bin/../lib/gcc/arm-none-eabi/12.3.1/../../../../arm-none-eabi/lib/thumb/v7e-m/nofp\libc_nano.a
LOAD C:/ST/STM32CubeIDE_1.16.0/STM32CubeIDE/plugins/com.st.stm32cube.ide.mcu.externaltools.gnu-tools-for-stm32.12.3.rel1.win32_1.0.200.202406191623/tools/bin/../lib/gcc/arm-none-eabi/12.3.1/../../../../arm-none-eabi/lib/thumb/v7e-m/nofp\libm.a
END GROUP
START GROUP
LOAD C:/ST/STM32CubeIDE_1.16.0/STM32CubeIDE/plugins/com.st.stm32cube.ide.mcu.externaltools.gnu-tools-for-stm32.12.3.rel1.win32_1.0.200.202406191623/tools/bin/../lib/gcc/arm-none-eabi/12.3.1/thumb/v7e-m/nofp\libgcc.a
LOAD C:/ST/STM32CubeIDE_1.16.0/STM32CubeIDE/plugins/com.st.stm32cube.ide.mcu.externaltools.gnu-tools-for-stm32.12.3.rel1.win32_1.0.200.202406191623/tools/bin/../lib/gcc/arm-none-eabi/12.3.1/../../../../arm-none-eabi/lib/thumb/v7e-m/nofp\libc_nano.a
END GROUP
START GROUP
LOAD C:/ST/STM32CubeIDE_1.16.0/STM32CubeIDE/plugins/com.st.stm32cube.ide.mcu.externaltools.gnu-tools-for-stm32.12.3.rel1.win32_1.0.200.202406191623/tools/bin/../lib/gcc/arm-none-eabi/12.3.1/thumb/v7e-m/nofp\libgcc.a
LOAD C:/ST/STM32CubeIDE_1.16.0/STM32CubeIDE/plugins/com.st.stm32cube.ide.mcu.externaltools.gnu-tools-for-stm32.12.3.rel1.win32_1.0.200.202406191623/tools/bin/../lib/gcc/arm-none-eabi/12.3.1/../../../../arm-none-eabi/lib/thumb/v7e-m/nofp\libc_nano.a
LOAD C:/ST/STM32CubeIDE_1.16.0/STM32CubeIDE/plugins/com.st.stm32cube.ide.mcu.externaltools.gnu-tools-for-stm32.12.3.rel1.win32_1.0.200.202406191623/tools/bin/../lib/gcc/arm-none-eabi/12.3.1/../../../../arm-none-eabi/lib/thumb/v7e-m/nofp\libnosys.a
END GROUP
START GROUP
LOAD C:/ST/STM32CubeIDE_1.16.0/STM32CubeIDE/plugins/com.st.stm32cube.ide.mcu.externaltools.gnu-tools-for-stm32.12.3.rel1.win32_1.0.200.202406191623/tools/bin/../lib/gcc/arm-none-eabi/12.3.1/thumb/v7e-m/nofp\libgcc.a
LOAD C:/ST/STM32CubeIDE_1.16.0/STM32CubeIDE/plugins/com.st.stm32cube.ide.mcu.externaltools.gnu-tools-for-stm32.12.3.rel1.win32_1.0.200.202406191623/tools/bin/../lib/gcc/arm-none-eabi/12.3.1/../../../../arm-none-eabi/lib/thumb/v7e-m/nofp\libc_nano.a
LOAD C:/ST/STM32CubeIDE_1.16.0/STM32CubeIDE/plugins/com.st.stm32cube.ide.mcu.externaltools.gnu-tools-for-stm32.12.3.rel1.win32_1.0.200.202406191623/tools/bin/../lib/gcc/arm-none-eabi/12.3.1/../../../../arm-none-eabi/lib/thumb/v7e-m/nofp\libnosys.a
END GROUP
LOAD C:/ST/STM32CubeIDE_1.16.0/STM32CubeIDE/plugins/com.st.stm32cube.ide.mcu.externaltools.gnu-tools-for-stm32.12.3.rel1.win32_1.0.200.202406191623/tools/bin/../lib/gcc/arm-none-eabi/12.3.1/thumb/v7e-m/nofp/crtend.o
LOAD C:/ST/STM32CubeIDE_1.16.0/STM32CubeIDE/plugins/com.st.stm32cube.ide.mcu.externaltools.gnu-tools-for-stm32.12.3.rel1.win32_1.0.200.202406191623/tools/bin/../lib/gcc/arm-none-eabi/12.3.1/thumb/v7e-m/nofp/crtn.o
                0x20010000                        _estack = (ORIGIN (RAM) + LENGTH (RAM))
                0x00000200                        _Min_Heap_Size = 0x200
                0x00000400                        _Min_Stack_Size = 0x400

.isr_vector     0x08000000      0x138
                0x08000000                        . = ALIGN (0x4)
 *(.isr_vector)
 .isr_vector    0x08000000      0x138 ./Core/Startup/startup_stm32wle5jcix.o
                0x08000000                g_pfnVectors
                0x08000138                        . = ALIGN (0x4)

.text           0x08000138     0xc368
                0x08000138                        . = ALIGN (0x4)
 *(.text)
 .text          0x08000138       0x40 C:/ST/STM32CubeIDE_1.16.0/STM32CubeIDE/plugins/com.st.stm32cube.ide.mcu.externaltools.gnu-tools-for-stm32.12.3.rel1.win32_1.0.200.202406191623/tools/bin/../lib/gcc/arm-none-eabi/12.3.1/thumb/v7e-m/nofp/crtbegin.o
 .text          0x08000178       0x10 C:/ST/STM32CubeIDE_1.16.0/STM32CubeIDE/plugins/com.st.stm32cube.ide.mcu.externaltools.gnu-tools-for-stm32.12.3.rel1.win32_1.0.200.202406191623/tools/bin/../lib/gcc/arm-none-eabi/12.3.1/../../../../arm-none-eabi/lib/thumb/v7e-m/nofp\libc_nano.a(libc_a-strlen.o)
                0x08000178                strlen
 .text          0x08000188       0x30 C:/ST/STM32CubeIDE_1.16.0/STM32CubeIDE/plugins/com.st.stm32cube.ide.mcu.externaltools.gnu-tools-for-stm32.12.3.rel1.win32_1.0.200.202406191623/tools/bin/../lib/gcc/arm-none-eabi/12.3.1/thumb/v7e-m/nofp\libgcc.a(_aeabi_uldivmod.o)
                0x08000188                __aeabi_uldivmod
 .text          0x080001b8      0x2bc C:/ST/STM32CubeIDE_1.16.0/STM32CubeIDE/plugins/com.st.stm32cube.ide.mcu.externaltools.gnu-tools-for-stm32.12.3.rel1.win32_1.0.200.202406191623/tools/bin/../lib/gcc/arm-none-eabi/12.3.1/thumb/v7e-m/nofp\libgcc.a(_udivmoddi4.o)
                0x080001b8                __udivmoddi4
 .text          0x08000474        0x4 C:/ST/STM32CubeIDE_1.16.0/STM32CubeIDE/plugins/com.st.stm32cube.ide.mcu.externaltools.gnu-tools-for-stm32.12.3.rel1.win32_1.0.200.202406191623/tools/bin/../lib/gcc/arm-none-eabi/12.3.1/thumb/v7e-m/nofp\libgcc.a(_dvmd_tls.o)
                0x08000474                __aeabi_idiv0
                0x08000474                __aeabi_ldiv0
 *(.text*)
 .text.LL_AHB1_GRP1_EnableClock
                0x08000478       0x30 ./Core/Src/dma.o
 .text.MX_DMA_Init
                0x080004a8       0x24 ./Core/Src/dma.o
                0x080004a8                MX_DMA_Init
 .text.LL_AHB2_GRP1_EnableClock
                0x080004cc       0x30 ./Core/Src/gpio.o
 .text.MX_GPIO_Init
                0x080004fc       0x74 ./Core/Src/gpio.o
                0x080004fc                MX_GPIO_Init
 .text.LL_RCC_LSE_SetDriveCapability
                0x08000570       0x2a ./Core/Src/main.o
 .text.main     0x0800059a       0x2a ./Core/Src/main.o
                0x0800059a                main
 .text.SystemClock_Config
                0x080005c4       0xb4 ./Core/Src/main.o
                0x080005c4                SystemClock_Config
 .text.Error_Handler
                0x08000678        0xc ./Core/Src/main.o
                0x08000678                Error_Handler
 .text.LL_RCC_EnableRTC
                0x08000684       0x20 ./Core/Src/rtc.o
 .text.LL_APB1_GRP1_EnableClock
                0x080006a4       0x30 ./Core/Src/rtc.o
 .text.MX_RTC_Init
                0x080006d4       0xa4 ./Core/Src/rtc.o
                0x080006d4                MX_RTC_Init
 .text.HAL_RTC_MspInit
                0x08000778       0x78 ./Core/Src/rtc.o
                0x08000778                HAL_RTC_MspInit
 .text.LL_PWR_ClearFlag_C1STOP_C1STB
                0x080007f0       0x18 ./Core/Src/stm32_lpm_if.o
 .text.PWR_EnterOffMode
                0x08000808        0xc ./Core/Src/stm32_lpm_if.o
                0x08000808                PWR_EnterOffMode
 .text.PWR_ExitOffMode
                0x08000814        0xc ./Core/Src/stm32_lpm_if.o
                0x08000814                PWR_ExitOffMode
 .text.PWR_EnterStopMode
                0x08000820       0x16 ./Core/Src/stm32_lpm_if.o
                0x08000820                PWR_EnterStopMode
 .text.PWR_ExitStopMode
                0x08000836       0x10 ./Core/Src/stm32_lpm_if.o
                0x08000836                PWR_ExitStopMode
 .text.PWR_EnterSleepMode
                0x08000846       0x14 ./Core/Src/stm32_lpm_if.o
                0x08000846                PWR_EnterSleepMode
 .text.PWR_ExitSleepMode
                0x0800085a        0xc ./Core/Src/stm32_lpm_if.o
                0x0800085a                PWR_ExitSleepMode
 .text.HAL_MspInit
                0x08000866        0xc ./Core/Src/stm32wlxx_hal_msp.o
                0x08000866                HAL_MspInit
 .text.NMI_Handler
                0x08000872        0x8 ./Core/Src/stm32wlxx_it.o
                0x08000872                NMI_Handler
 .text.HardFault_Handler
                0x0800087a        0x8 ./Core/Src/stm32wlxx_it.o
                0x0800087a                HardFault_Handler
 .text.MemManage_Handler
                0x08000882        0x8 ./Core/Src/stm32wlxx_it.o
                0x08000882                MemManage_Handler
 .text.BusFault_Handler
                0x0800088a        0x8 ./Core/Src/stm32wlxx_it.o
                0x0800088a                BusFault_Handler
 .text.UsageFault_Handler
                0x08000892        0x8 ./Core/Src/stm32wlxx_it.o
                0x08000892                UsageFault_Handler
 .text.SVC_Handler
                0x0800089a        0xc ./Core/Src/stm32wlxx_it.o
                0x0800089a                SVC_Handler
 .text.DebugMon_Handler
                0x080008a6        0xc ./Core/Src/stm32wlxx_it.o
                0x080008a6                DebugMon_Handler
 .text.PendSV_Handler
                0x080008b2        0xc ./Core/Src/stm32wlxx_it.o
                0x080008b2                PendSV_Handler
 .text.SysTick_Handler
                0x080008be        0xc ./Core/Src/stm32wlxx_it.o
                0x080008be                SysTick_Handler
 *fill*         0x080008ca        0x2 
 .text.TAMP_STAMP_LSECSS_SSRU_IRQHandler
                0x080008cc       0x14 ./Core/Src/stm32wlxx_it.o
                0x080008cc                TAMP_STAMP_LSECSS_SSRU_IRQHandler
 .text.DMA1_Channel5_IRQHandler
                0x080008e0       0x14 ./Core/Src/stm32wlxx_it.o
                0x080008e0                DMA1_Channel5_IRQHandler
 .text.USART1_IRQHandler
                0x080008f4       0x14 ./Core/Src/stm32wlxx_it.o
                0x080008f4                USART1_IRQHandler
 .text.RTC_Alarm_IRQHandler
                0x08000908       0x14 ./Core/Src/stm32wlxx_it.o
                0x08000908                RTC_Alarm_IRQHandler
 .text.SUBGHZ_Radio_IRQHandler
                0x0800091c       0x14 ./Core/Src/stm32wlxx_it.o
                0x0800091c                SUBGHZ_Radio_IRQHandler
 .text.EXTI9_5_IRQHandler
                0x08000930       0x10 ./Core/Src/stm32wlxx_it.o
                0x08000930                EXTI9_5_IRQHandler
 .text.LL_APB3_GRP1_EnableClock
                0x08000940       0x30 ./Core/Src/subghz.o
 .text.MX_SUBGHZ_Init
                0x08000970       0x24 ./Core/Src/subghz.o
                0x08000970                MX_SUBGHZ_Init
 .text.HAL_SUBGHZ_MspInit
                0x08000994       0x26 ./Core/Src/subghz.o
                0x08000994                HAL_SUBGHZ_MspInit
 .text.LL_RCC_SetClkAfterWakeFromStop
                0x080009ba       0x26 ./Core/Src/sys_app.o
 .text.SystemApp_Init
                0x080009e0       0x48 ./Core/Src/sys_app.o
                0x080009e0                SystemApp_Init
 .text.UTIL_SEQ_Idle
                0x08000a28        0xc ./Core/Src/sys_app.o
                0x08000a28                UTIL_SEQ_Idle
 .text.TimestampNow
                0x08000a34       0x40 ./Core/Src/sys_app.o
 .text.UTIL_ADV_TRACE_PreSendHook
                0x08000a74       0x10 ./Core/Src/sys_app.o
                0x08000a74                UTIL_ADV_TRACE_PreSendHook
 .text.UTIL_ADV_TRACE_PostSendHook
                0x08000a84       0x10 ./Core/Src/sys_app.o
                0x08000a84                UTIL_ADV_TRACE_PostSendHook
 .text.tiny_snprintf_like
                0x08000a94       0x2c ./Core/Src/sys_app.o
 .text.HAL_InitTick
                0x08000ac0       0x14 ./Core/Src/sys_app.o
                0x08000ac0                HAL_InitTick
 .text.HAL_GetTick
                0x08000ad4       0x28 ./Core/Src/sys_app.o
                0x08000ad4                HAL_GetTick
 .text.HAL_Delay
                0x08000afc       0x18 ./Core/Src/sys_app.o
                0x08000afc                HAL_Delay
 .text.LL_AHB2_GRP1_EnableClock
                0x08000b14       0x30 ./Core/Src/sys_debug.o
 .text.LL_EXTI_EnableIT_32_63
                0x08000b44       0x28 ./Core/Src/sys_debug.o
 .text.DBG_Init
                0x08000b6c      0x190 ./Core/Src/sys_debug.o
                0x08000b6c                DBG_Init
 .text.SystemInit
                0x08000cfc        0xc ./Core/Src/system_stm32wlxx.o
                0x08000cfc                SystemInit
 .text.LL_RTC_TIME_GetSubSecond
                0x08000d08       0x16 ./Core/Src/timer_if.o
 *fill*         0x08000d1e        0x2 
 .text.TIMER_IF_Init
                0x08000d20       0x64 ./Core/Src/timer_if.o
                0x08000d20                TIMER_IF_Init
 .text.TIMER_IF_StartTimer
                0x08000d84       0x70 ./Core/Src/timer_if.o
                0x08000d84                TIMER_IF_StartTimer
 .text.TIMER_IF_StopTimer
                0x08000df4       0x34 ./Core/Src/timer_if.o
                0x08000df4                TIMER_IF_StopTimer
 .text.TIMER_IF_SetTimerContext
                0x08000e28       0x1c ./Core/Src/timer_if.o
                0x08000e28                TIMER_IF_SetTimerContext
 .text.TIMER_IF_GetTimerContext
                0x08000e44       0x14 ./Core/Src/timer_if.o
                0x08000e44                TIMER_IF_GetTimerContext
 .text.TIMER_IF_GetTimerElapsedTime
                0x08000e58       0x28 ./Core/Src/timer_if.o
                0x08000e58                TIMER_IF_GetTimerElapsedTime
 .text.TIMER_IF_GetTimerValue
                0x08000e80       0x28 ./Core/Src/timer_if.o
                0x08000e80                TIMER_IF_GetTimerValue
 .text.TIMER_IF_GetMinimumTimeout
                0x08000ea8       0x1a ./Core/Src/timer_if.o
                0x08000ea8                TIMER_IF_GetMinimumTimeout
 .text.TIMER_IF_Convert_ms2Tick
                0x08000ec2       0x3a ./Core/Src/timer_if.o
                0x08000ec2                TIMER_IF_Convert_ms2Tick
 .text.TIMER_IF_Convert_Tick2ms
                0x08000efc       0x92 ./Core/Src/timer_if.o
                0x08000efc                TIMER_IF_Convert_Tick2ms
 .text.TIMER_IF_DelayMs
                0x08000f8e       0x34 ./Core/Src/timer_if.o
                0x08000f8e                TIMER_IF_DelayMs
 .text.HAL_RTC_AlarmAEventCallback
                0x08000fc2       0x14 ./Core/Src/timer_if.o
                0x08000fc2                HAL_RTC_AlarmAEventCallback
 .text.HAL_RTCEx_SSRUEventCallback
                0x08000fd6       0x20 ./Core/Src/timer_if.o
                0x08000fd6                HAL_RTCEx_SSRUEventCallback
 .text.TIMER_IF_GetTime
                0x08000ff6       0x8e ./Core/Src/timer_if.o
                0x08000ff6                TIMER_IF_GetTime
 .text.TIMER_IF_BkUp_Write_Seconds
                0x08001084       0x20 ./Core/Src/timer_if.o
                0x08001084                TIMER_IF_BkUp_Write_Seconds
 .text.TIMER_IF_BkUp_Write_SubSeconds
                0x080010a4       0x20 ./Core/Src/timer_if.o
                0x080010a4                TIMER_IF_BkUp_Write_SubSeconds
 .text.TIMER_IF_BkUp_Read_Seconds
                0x080010c4       0x24 ./Core/Src/timer_if.o
                0x080010c4                TIMER_IF_BkUp_Read_Seconds
 .text.TIMER_IF_BkUp_Read_SubSeconds
                0x080010e8       0x24 ./Core/Src/timer_if.o
                0x080010e8                TIMER_IF_BkUp_Read_SubSeconds
 .text.TIMER_IF_BkUp_Write_MSBticks
                0x0800110c       0x20 ./Core/Src/timer_if.o
 .text.TIMER_IF_BkUp_Read_MSBticks
                0x0800112c       0x20 ./Core/Src/timer_if.o
 .text.GetTimerTicks
                0x0800114c       0x38 ./Core/Src/timer_if.o
 .text.LL_AHB2_GRP1_EnableClock
                0x08001184       0x30 ./Core/Src/usart.o
 .text.LL_APB2_GRP1_EnableClock
                0x080011b4       0x30 ./Core/Src/usart.o
 .text.LL_APB2_GRP1_DisableClock
                0x080011e4       0x24 ./Core/Src/usart.o
 .text.MX_USART1_UART_Init
                0x08001208       0x98 ./Core/Src/usart.o
                0x08001208                MX_USART1_UART_Init
 .text.HAL_UART_MspInit
                0x080012a0       0xf8 ./Core/Src/usart.o
                0x080012a0                HAL_UART_MspInit
 .text.HAL_UART_MspDeInit
                0x08001398       0x44 ./Core/Src/usart.o
                0x08001398                HAL_UART_MspDeInit
 .text.LL_APB2_GRP1_ForceReset
                0x080013dc       0x22 ./Core/Src/usart_if.o
 .text.LL_APB2_GRP1_ReleaseReset
                0x080013fe       0x24 ./Core/Src/usart_if.o
 *fill*         0x08001422        0x2 
 .text.LL_EXTI_EnableIT_0_31
                0x08001424       0x28 ./Core/Src/usart_if.o
 .text.vcom_Init
                0x0800144c       0x2c ./Core/Src/usart_if.o
                0x0800144c                vcom_Init
 .text.vcom_DeInit
                0x08001478       0x2c ./Core/Src/usart_if.o
                0x08001478                vcom_DeInit
 .text.vcom_Trace_DMA
                0x080014a4       0x28 ./Core/Src/usart_if.o
                0x080014a4                vcom_Trace_DMA
 .text.vcom_ReceiveInit
                0x080014cc       0x7c ./Core/Src/usart_if.o
                0x080014cc                vcom_ReceiveInit
 .text.vcom_Resume
                0x08001548       0x30 ./Core/Src/usart_if.o
                0x08001548                vcom_Resume
 .text.HAL_UART_TxCpltCallback
                0x08001578       0x2c ./Core/Src/usart_if.o
                0x08001578                HAL_UART_TxCpltCallback
 .text.HAL_UART_RxCpltCallback
                0x080015a4       0x50 ./Core/Src/usart_if.o
                0x080015a4                HAL_UART_RxCpltCallback
 .text.UID_GetDeviceNumber
                0x080015f4       0x14 ./Core/Src/utils.o
                0x080015f4                UID_GetDeviceNumber
 .text.Reset_Handler
                0x08001608       0x50 ./Core/Startup/startup_stm32wle5jcix.o
                0x08001608                Reset_Handler
 .text.Default_Handler
                0x08001658        0x2 ./Core/Startup/startup_stm32wle5jcix.o
                0x08001658                EXTI2_IRQHandler
                0x08001658                TIM1_CC_IRQHandler
                0x08001658                EXTI3_IRQHandler
                0x08001658                LPTIM2_IRQHandler
                0x08001658                I2C3_ER_IRQHandler
                0x08001658                LPTIM3_IRQHandler
                0x08001658                EXTI0_IRQHandler
                0x08001658                I2C2_EV_IRQHandler
                0x08001658                SPI1_IRQHandler
                0x08001658                DMA2_Channel2_IRQHandler
                0x08001658                DMA1_Channel4_IRQHandler
                0x08001658                PKA_IRQHandler
                0x08001658                TIM17_IRQHandler
                0x08001658                DMA1_Channel7_IRQHandler
                0x08001658                SUBGHZSPI_IRQHandler
                0x08001658                DMA2_Channel1_IRQHandler
                0x08001658                I2C1_EV_IRQHandler
                0x08001658                DMAMUX1_OVR_IRQHandler
                0x08001658                DMA1_Channel6_IRQHandler
                0x08001658                TIM16_IRQHandler
                0x08001658                DMA2_Channel4_IRQHandler
                0x08001658                RCC_IRQHandler
                0x08001658                TIM1_TRG_COM_IRQHandler
                0x08001658                DMA1_Channel1_IRQHandler
                0x08001658                Default_Handler
                0x08001658                DMA2_Channel7_IRQHandler
                0x08001658                EXTI15_10_IRQHandler
                0x08001658                ADC_IRQHandler
                0x08001658                I2C3_EV_IRQHandler
                0x08001658                RTC_WKUP_IRQHandler
                0x08001658                PVD_PVM_IRQHandler
                0x08001658                SPI2_IRQHandler
                0x08001658                DMA2_Channel5_IRQHandler
                0x08001658                EXTI4_IRQHandler
                0x08001658                RNG_IRQHandler
                0x08001658                DMA1_Channel3_IRQHandler
                0x08001658                COMP_IRQHandler
                0x08001658                HSEM_IRQHandler
                0x08001658                TIM1_UP_IRQHandler
                0x08001658                WWDG_IRQHandler
                0x08001658                LPUART1_IRQHandler
                0x08001658                DMA2_Channel6_IRQHandler
                0x08001658                TIM2_IRQHandler
                0x08001658                TIM1_BRK_IRQHandler
                0x08001658                DAC_IRQHandler
                0x08001658                EXTI1_IRQHandler
                0x08001658                AES_IRQHandler
                0x08001658                USART2_IRQHandler
                0x08001658                I2C2_ER_IRQHandler
                0x08001658                DMA1_Channel2_IRQHandler
                0x08001658                FLASH_IRQHandler
                0x08001658                I2C1_ER_IRQHandler
                0x08001658                LPTIM1_IRQHandler
                0x08001658                DMA2_Channel3_IRQHandler
 .text.LL_AHB2_GRP1_EnableClock
                0x0800165a       0x30 ./Drivers/BSP/STM32WLxx_Nucleo/stm32wlxx_nucleo_radio.o
 *fill*         0x0800168a        0x2 
 .text.BSP_RADIO_Init
                0x0800168c       0x7c ./Drivers/BSP/STM32WLxx_Nucleo/stm32wlxx_nucleo_radio.o
                0x0800168c                BSP_RADIO_Init
 .text.BSP_RADIO_ConfigRFSwitch
                0x08001708       0xb8 ./Drivers/BSP/STM32WLxx_Nucleo/stm32wlxx_nucleo_radio.o
                0x08001708                BSP_RADIO_ConfigRFSwitch
 .text.BSP_RADIO_GetTxConfig
                0x080017c0        0xe ./Drivers/BSP/STM32WLxx_Nucleo/stm32wlxx_nucleo_radio.o
                0x080017c0                BSP_RADIO_GetTxConfig
 .text.BSP_RADIO_IsTCXO
                0x080017ce        0xe ./Drivers/BSP/STM32WLxx_Nucleo/stm32wlxx_nucleo_radio.o
                0x080017ce                BSP_RADIO_IsTCXO
 .text.BSP_RADIO_IsDCDC
                0x080017dc        0xe ./Drivers/BSP/STM32WLxx_Nucleo/stm32wlxx_nucleo_radio.o
                0x080017dc                BSP_RADIO_IsDCDC
 .text.BSP_RADIO_GetRFOMaxPowerConfig
                0x080017ea       0x26 ./Drivers/BSP/STM32WLxx_Nucleo/stm32wlxx_nucleo_radio.o
                0x080017ea                BSP_RADIO_GetRFOMaxPowerConfig
 .text.LL_DBGMCU_EnableDBGSleepMode
                0x08001810       0x1c ./Drivers/STM32WLxx_HAL_Driver/Src/stm32wlxx_hal.o
 .text.LL_DBGMCU_EnableDBGStopMode
                0x0800182c       0x1c ./Drivers/STM32WLxx_HAL_Driver/Src/stm32wlxx_hal.o
 .text.LL_DBGMCU_EnableDBGStandbyMode
                0x08001848       0x1c ./Drivers/STM32WLxx_HAL_Driver/Src/stm32wlxx_hal.o
 .text.HAL_Init
                0x08001864       0x40 ./Drivers/STM32WLxx_HAL_Driver/Src/stm32wlxx_hal.o
                0x08001864                HAL_Init
 .text.HAL_SuspendTick
                0x080018a4       0x1c ./Drivers/STM32WLxx_HAL_Driver/Src/stm32wlxx_hal.o
                0x080018a4                HAL_SuspendTick
 .text.HAL_ResumeTick
                0x080018c0       0x1c ./Drivers/STM32WLxx_HAL_Driver/Src/stm32wlxx_hal.o
                0x080018c0                HAL_ResumeTick
 .text.HAL_DBGMCU_EnableDBGSleepMode
                0x080018dc        0xc ./Drivers/STM32WLxx_HAL_Driver/Src/stm32wlxx_hal.o
                0x080018dc                HAL_DBGMCU_EnableDBGSleepMode
 .text.HAL_DBGMCU_EnableDBGStopMode
                0x080018e8        0xc ./Drivers/STM32WLxx_HAL_Driver/Src/stm32wlxx_hal.o
                0x080018e8                HAL_DBGMCU_EnableDBGStopMode
 .text.HAL_DBGMCU_EnableDBGStandbyMode
                0x080018f4        0xc ./Drivers/STM32WLxx_HAL_Driver/Src/stm32wlxx_hal.o
                0x080018f4                HAL_DBGMCU_EnableDBGStandbyMode
 .text.__NVIC_SetPriorityGrouping
                0x08001900       0x48 ./Drivers/STM32WLxx_HAL_Driver/Src/stm32wlxx_hal_cortex.o
 .text.__NVIC_GetPriorityGrouping
                0x08001948       0x1c ./Drivers/STM32WLxx_HAL_Driver/Src/stm32wlxx_hal_cortex.o
 .text.__NVIC_EnableIRQ
                0x08001964       0x38 ./Drivers/STM32WLxx_HAL_Driver/Src/stm32wlxx_hal_cortex.o
 .text.__NVIC_DisableIRQ
                0x0800199c       0x48 ./Drivers/STM32WLxx_HAL_Driver/Src/stm32wlxx_hal_cortex.o
 .text.__NVIC_SetPriority
                0x080019e4       0x54 ./Drivers/STM32WLxx_HAL_Driver/Src/stm32wlxx_hal_cortex.o
 .text.NVIC_EncodePriority
                0x08001a38       0x64 ./Drivers/STM32WLxx_HAL_Driver/Src/stm32wlxx_hal_cortex.o
 .text.HAL_NVIC_SetPriorityGrouping
                0x08001a9c       0x16 ./Drivers/STM32WLxx_HAL_Driver/Src/stm32wlxx_hal_cortex.o
                0x08001a9c                HAL_NVIC_SetPriorityGrouping
 .text.HAL_NVIC_SetPriority
                0x08001ab2       0x34 ./Drivers/STM32WLxx_HAL_Driver/Src/stm32wlxx_hal_cortex.o
                0x08001ab2                HAL_NVIC_SetPriority
 .text.HAL_NVIC_EnableIRQ
                0x08001ae6       0x1c ./Drivers/STM32WLxx_HAL_Driver/Src/stm32wlxx_hal_cortex.o
                0x08001ae6                HAL_NVIC_EnableIRQ
 .text.HAL_NVIC_DisableIRQ
                0x08001b02       0x1c ./Drivers/STM32WLxx_HAL_Driver/Src/stm32wlxx_hal_cortex.o
                0x08001b02                HAL_NVIC_DisableIRQ
 *fill*         0x08001b1e        0x2 
 .text.HAL_DMA_Init
                0x08001b20      0x150 ./Drivers/STM32WLxx_HAL_Driver/Src/stm32wlxx_hal_dma.o
                0x08001b20                HAL_DMA_Init
 .text.HAL_DMA_DeInit
                0x08001c70      0x12c ./Drivers/STM32WLxx_HAL_Driver/Src/stm32wlxx_hal_dma.o
                0x08001c70                HAL_DMA_DeInit
 .text.HAL_DMA_Start_IT
                0x08001d9c       0xfc ./Drivers/STM32WLxx_HAL_Driver/Src/stm32wlxx_hal_dma.o
                0x08001d9c                HAL_DMA_Start_IT
 .text.HAL_DMA_Abort
                0x08001e98       0xbc ./Drivers/STM32WLxx_HAL_Driver/Src/stm32wlxx_hal_dma.o
                0x08001e98                HAL_DMA_Abort
 .text.HAL_DMA_Abort_IT
                0x08001f54       0xbe ./Drivers/STM32WLxx_HAL_Driver/Src/stm32wlxx_hal_dma.o
                0x08001f54                HAL_DMA_Abort_IT
 *fill*         0x08002012        0x2 
 .text.HAL_DMA_IRQHandler
                0x08002014      0x18c ./Drivers/STM32WLxx_HAL_Driver/Src/stm32wlxx_hal_dma.o
                0x08002014                HAL_DMA_IRQHandler
 .text.DMA_SetConfig
                0x080021a0       0x7a ./Drivers/STM32WLxx_HAL_Driver/Src/stm32wlxx_hal_dma.o
 *fill*         0x0800221a        0x2 
 .text.DMA_CalcDMAMUXChannelBaseAndMask
                0x0800221c       0x90 ./Drivers/STM32WLxx_HAL_Driver/Src/stm32wlxx_hal_dma.o
 .text.DMA_CalcDMAMUXRequestGenBaseAndMask
                0x080022ac       0x48 ./Drivers/STM32WLxx_HAL_Driver/Src/stm32wlxx_hal_dma.o
 .text.HAL_GPIO_Init
                0x080022f4      0x2c0 ./Drivers/STM32WLxx_HAL_Driver/Src/stm32wlxx_hal_gpio.o
                0x080022f4                HAL_GPIO_Init
 .text.HAL_GPIO_DeInit
                0x080025b4      0x19c ./Drivers/STM32WLxx_HAL_Driver/Src/stm32wlxx_hal_gpio.o
                0x080025b4                HAL_GPIO_DeInit
 .text.HAL_GPIO_WritePin
                0x08002750       0x2e ./Drivers/STM32WLxx_HAL_Driver/Src/stm32wlxx_hal_gpio.o
                0x08002750                HAL_GPIO_WritePin
 *fill*         0x0800277e        0x2 
 .text.HAL_GPIO_EXTI_IRQHandler
                0x08002780       0x30 ./Drivers/STM32WLxx_HAL_Driver/Src/stm32wlxx_hal_gpio.o
                0x08002780                HAL_GPIO_EXTI_IRQHandler
 .text.HAL_PWR_EnableBkUpAccess
                0x080027b0       0x1c ./Drivers/STM32WLxx_HAL_Driver/Src/stm32wlxx_hal_pwr.o
                0x080027b0                HAL_PWR_EnableBkUpAccess
 .text.HAL_PWR_EnterSLEEPMode
                0x080027cc       0x68 ./Drivers/STM32WLxx_HAL_Driver/Src/stm32wlxx_hal_pwr.o
                0x080027cc                HAL_PWR_EnterSLEEPMode
 .text.HAL_PWREx_GetVoltageRange
                0x08002834       0x18 ./Drivers/STM32WLxx_HAL_Driver/Src/stm32wlxx_hal_pwr_ex.o
                0x08002834                HAL_PWREx_GetVoltageRange
 .text.HAL_PWREx_EnableLowPowerRunMode
                0x0800284c       0x1c ./Drivers/STM32WLxx_HAL_Driver/Src/stm32wlxx_hal_pwr_ex.o
                0x0800284c                HAL_PWREx_EnableLowPowerRunMode
 .text.HAL_PWREx_DisableLowPowerRunMode
                0x08002868       0x6c ./Drivers/STM32WLxx_HAL_Driver/Src/stm32wlxx_hal_pwr_ex.o
                0x08002868                HAL_PWREx_DisableLowPowerRunMode
 .text.HAL_PWREx_EnterSTOP2Mode
                0x080028d4       0x54 ./Drivers/STM32WLxx_HAL_Driver/Src/stm32wlxx_hal_pwr_ex.o
                0x080028d4                HAL_PWREx_EnterSTOP2Mode
 .text.LL_PWR_IsEnabledBkUpAccess
                0x08002928       0x24 ./Drivers/STM32WLxx_HAL_Driver/Src/stm32wlxx_hal_rcc.o
 .text.LL_RCC_HSE_EnableTcxo
                0x0800294c       0x1c ./Drivers/STM32WLxx_HAL_Driver/Src/stm32wlxx_hal_rcc.o
 .text.LL_RCC_HSE_DisableTcxo
                0x08002968       0x1c ./Drivers/STM32WLxx_HAL_Driver/Src/stm32wlxx_hal_rcc.o
 .text.LL_RCC_HSE_IsEnabledDiv2
                0x08002984       0x22 ./Drivers/STM32WLxx_HAL_Driver/Src/stm32wlxx_hal_rcc.o
 .text.LL_RCC_HSE_Enable
                0x080029a6       0x1c ./Drivers/STM32WLxx_HAL_Driver/Src/stm32wlxx_hal_rcc.o
 .text.LL_RCC_HSE_Disable
                0x080029c2       0x1c ./Drivers/STM32WLxx_HAL_Driver/Src/stm32wlxx_hal_rcc.o
 .text.LL_RCC_HSE_IsReady
                0x080029de       0x22 ./Drivers/STM32WLxx_HAL_Driver/Src/stm32wlxx_hal_rcc.o
 .text.LL_RCC_HSI_Enable
                0x08002a00       0x1c ./Drivers/STM32WLxx_HAL_Driver/Src/stm32wlxx_hal_rcc.o
 .text.LL_RCC_HSI_Disable
                0x08002a1c       0x1c ./Drivers/STM32WLxx_HAL_Driver/Src/stm32wlxx_hal_rcc.o
 .text.LL_RCC_HSI_IsReady
                0x08002a38       0x22 ./Drivers/STM32WLxx_HAL_Driver/Src/stm32wlxx_hal_rcc.o
 .text.LL_RCC_HSI_SetCalibTrimming
                0x08002a5a       0x28 ./Drivers/STM32WLxx_HAL_Driver/Src/stm32wlxx_hal_rcc.o
 .text.LL_RCC_LSE_IsReady
                0x08002a82       0x22 ./Drivers/STM32WLxx_HAL_Driver/Src/stm32wlxx_hal_rcc.o
 .text.LL_RCC_LSI_Enable
                0x08002aa4       0x20 ./Drivers/STM32WLxx_HAL_Driver/Src/stm32wlxx_hal_rcc.o
 .text.LL_RCC_LSI_Disable
                0x08002ac4       0x20 ./Drivers/STM32WLxx_HAL_Driver/Src/stm32wlxx_hal_rcc.o
 .text.LL_RCC_LSI_IsReady
                0x08002ae4       0x22 ./Drivers/STM32WLxx_HAL_Driver/Src/stm32wlxx_hal_rcc.o
 .text.LL_RCC_MSI_Enable
                0x08002b06       0x1c ./Drivers/STM32WLxx_HAL_Driver/Src/stm32wlxx_hal_rcc.o
 .text.LL_RCC_MSI_Disable
                0x08002b22       0x1c ./Drivers/STM32WLxx_HAL_Driver/Src/stm32wlxx_hal_rcc.o
 .text.LL_RCC_MSI_IsReady
                0x08002b3e       0x20 ./Drivers/STM32WLxx_HAL_Driver/Src/stm32wlxx_hal_rcc.o
 .text.LL_RCC_MSI_IsEnabledRangeSelect
                0x08002b5e       0x20 ./Drivers/STM32WLxx_HAL_Driver/Src/stm32wlxx_hal_rcc.o
 .text.LL_RCC_MSI_GetRange
                0x08002b7e       0x16 ./Drivers/STM32WLxx_HAL_Driver/Src/stm32wlxx_hal_rcc.o
 .text.LL_RCC_MSI_GetRangeAfterStandby
                0x08002b94       0x18 ./Drivers/STM32WLxx_HAL_Driver/Src/stm32wlxx_hal_rcc.o
 .text.LL_RCC_MSI_SetCalibTrimming
                0x08002bac       0x28 ./Drivers/STM32WLxx_HAL_Driver/Src/stm32wlxx_hal_rcc.o
 .text.LL_RCC_SetSysClkSource
                0x08002bd4       0x26 ./Drivers/STM32WLxx_HAL_Driver/Src/stm32wlxx_hal_rcc.o
 .text.LL_RCC_GetSysClkSource
                0x08002bfa       0x16 ./Drivers/STM32WLxx_HAL_Driver/Src/stm32wlxx_hal_rcc.o
 .text.LL_RCC_SetAHBPrescaler
                0x08002c10       0x26 ./Drivers/STM32WLxx_HAL_Driver/Src/stm32wlxx_hal_rcc.o
 .text.LL_RCC_SetAHB3Prescaler
                0x08002c36       0x2c ./Drivers/STM32WLxx_HAL_Driver/Src/stm32wlxx_hal_rcc.o
 .text.LL_RCC_SetAPB1Prescaler
                0x08002c62       0x26 ./Drivers/STM32WLxx_HAL_Driver/Src/stm32wlxx_hal_rcc.o
 .text.LL_RCC_SetAPB2Prescaler
                0x08002c88       0x26 ./Drivers/STM32WLxx_HAL_Driver/Src/stm32wlxx_hal_rcc.o
 .text.LL_RCC_GetAHBPrescaler
                0x08002cae       0x16 ./Drivers/STM32WLxx_HAL_Driver/Src/stm32wlxx_hal_rcc.o
 .text.LL_RCC_GetAHB3Prescaler
                0x08002cc4       0x1a ./Drivers/STM32WLxx_HAL_Driver/Src/stm32wlxx_hal_rcc.o
 .text.LL_RCC_GetAPB1Prescaler
                0x08002cde       0x16 ./Drivers/STM32WLxx_HAL_Driver/Src/stm32wlxx_hal_rcc.o
 .text.LL_RCC_GetAPB2Prescaler
                0x08002cf4       0x16 ./Drivers/STM32WLxx_HAL_Driver/Src/stm32wlxx_hal_rcc.o
 .text.LL_RCC_PLL_Enable
                0x08002d0a       0x1c ./Drivers/STM32WLxx_HAL_Driver/Src/stm32wlxx_hal_rcc.o
 .text.LL_RCC_PLL_Disable
                0x08002d26       0x1c ./Drivers/STM32WLxx_HAL_Driver/Src/stm32wlxx_hal_rcc.o
 .text.LL_RCC_PLL_IsReady
                0x08002d42       0x22 ./Drivers/STM32WLxx_HAL_Driver/Src/stm32wlxx_hal_rcc.o
 .text.LL_RCC_PLL_GetN
                0x08002d64       0x18 ./Drivers/STM32WLxx_HAL_Driver/Src/stm32wlxx_hal_rcc.o
 .text.LL_RCC_PLL_GetR
                0x08002d7c       0x16 ./Drivers/STM32WLxx_HAL_Driver/Src/stm32wlxx_hal_rcc.o
 .text.LL_RCC_PLL_GetDivider
                0x08002d92       0x16 ./Drivers/STM32WLxx_HAL_Driver/Src/stm32wlxx_hal_rcc.o
 .text.LL_RCC_PLL_GetMainSource
                0x08002da8       0x16 ./Drivers/STM32WLxx_HAL_Driver/Src/stm32wlxx_hal_rcc.o
 .text.LL_RCC_IsActiveFlag_HPRE
                0x08002dbe       0x22 ./Drivers/STM32WLxx_HAL_Driver/Src/stm32wlxx_hal_rcc.o
 .text.LL_RCC_IsActiveFlag_SHDHPRE
                0x08002de0       0x24 ./Drivers/STM32WLxx_HAL_Driver/Src/stm32wlxx_hal_rcc.o
 .text.LL_RCC_IsActiveFlag_PPRE1
                0x08002e04       0x22 ./Drivers/STM32WLxx_HAL_Driver/Src/stm32wlxx_hal_rcc.o
 .text.LL_RCC_IsActiveFlag_PPRE2
                0x08002e26       0x22 ./Drivers/STM32WLxx_HAL_Driver/Src/stm32wlxx_hal_rcc.o
 .text.HAL_RCC_OscConfig
                0x08002e48      0x704 ./Drivers/STM32WLxx_HAL_Driver/Src/stm32wlxx_hal_rcc.o
                0x08002e48                HAL_RCC_OscConfig
 .text.HAL_RCC_ClockConfig
                0x0800354c      0x248 ./Drivers/STM32WLxx_HAL_Driver/Src/stm32wlxx_hal_rcc.o
                0x0800354c                HAL_RCC_ClockConfig
 .text.HAL_RCC_GetSysClockFreq
                0x08003794      0x140 ./Drivers/STM32WLxx_HAL_Driver/Src/stm32wlxx_hal_rcc.o
                0x08003794                HAL_RCC_GetSysClockFreq
 .text.HAL_RCC_GetHCLKFreq
                0x080038d4       0x28 ./Drivers/STM32WLxx_HAL_Driver/Src/stm32wlxx_hal_rcc.o
                0x080038d4                HAL_RCC_GetHCLKFreq
 .text.HAL_RCC_GetPCLK1Freq
                0x080038fc       0x24 ./Drivers/STM32WLxx_HAL_Driver/Src/stm32wlxx_hal_rcc.o
                0x080038fc                HAL_RCC_GetPCLK1Freq
 .text.HAL_RCC_GetPCLK2Freq
                0x08003920       0x24 ./Drivers/STM32WLxx_HAL_Driver/Src/stm32wlxx_hal_rcc.o
                0x08003920                HAL_RCC_GetPCLK2Freq
 .text.RCC_SetFlashLatencyFromMSIRange
                0x08003944       0x60 ./Drivers/STM32WLxx_HAL_Driver/Src/stm32wlxx_hal_rcc.o
 .text.RCC_SetFlashLatency
                0x080039a4      0x104 ./Drivers/STM32WLxx_HAL_Driver/Src/stm32wlxx_hal_rcc.o
 .text.LL_RCC_LSE_IsReady
                0x08003aa8       0x22 ./Drivers/STM32WLxx_HAL_Driver/Src/stm32wlxx_hal_rcc_ex.o
 .text.LL_RCC_SetUSARTClockSource
                0x08003aca       0x30 ./Drivers/STM32WLxx_HAL_Driver/Src/stm32wlxx_hal_rcc_ex.o
 .text.LL_RCC_SetI2SClockSource
                0x08003afa       0x2a ./Drivers/STM32WLxx_HAL_Driver/Src/stm32wlxx_hal_rcc_ex.o
 .text.LL_RCC_SetLPUARTClockSource
                0x08003b24       0x2a ./Drivers/STM32WLxx_HAL_Driver/Src/stm32wlxx_hal_rcc_ex.o
 .text.LL_RCC_SetI2CClockSource
                0x08003b4e       0x38 ./Drivers/STM32WLxx_HAL_Driver/Src/stm32wlxx_hal_rcc_ex.o
 .text.LL_RCC_SetLPTIMClockSource
                0x08003b86       0x32 ./Drivers/STM32WLxx_HAL_Driver/Src/stm32wlxx_hal_rcc_ex.o
 .text.LL_RCC_SetRNGClockSource
                0x08003bb8       0x2a ./Drivers/STM32WLxx_HAL_Driver/Src/stm32wlxx_hal_rcc_ex.o
 .text.LL_RCC_SetADCClockSource
                0x08003be2       0x2a ./Drivers/STM32WLxx_HAL_Driver/Src/stm32wlxx_hal_rcc_ex.o
 .text.LL_RCC_SetRTCClockSource
                0x08003c0c       0x2a ./Drivers/STM32WLxx_HAL_Driver/Src/stm32wlxx_hal_rcc_ex.o
 .text.LL_RCC_GetRTCClockSource
                0x08003c36       0x18 ./Drivers/STM32WLxx_HAL_Driver/Src/stm32wlxx_hal_rcc_ex.o
 .text.LL_RCC_ForceBackupDomainReset
                0x08003c4e       0x20 ./Drivers/STM32WLxx_HAL_Driver/Src/stm32wlxx_hal_rcc_ex.o
 .text.LL_RCC_ReleaseBackupDomainReset
                0x08003c6e       0x20 ./Drivers/STM32WLxx_HAL_Driver/Src/stm32wlxx_hal_rcc_ex.o
 *fill*         0x08003c8e        0x2 
 .text.HAL_RCCEx_PeriphCLKConfig
                0x08003c90      0x234 ./Drivers/STM32WLxx_HAL_Driver/Src/stm32wlxx_hal_rcc_ex.o
                0x08003c90                HAL_RCCEx_PeriphCLKConfig
 .text.HAL_RTC_Init
                0x08003ec4      0x104 ./Drivers/STM32WLxx_HAL_Driver/Src/stm32wlxx_hal_rtc.o
                0x08003ec4                HAL_RTC_Init
 .text.HAL_RTC_SetAlarm_IT
                0x08003fc8      0x218 ./Drivers/STM32WLxx_HAL_Driver/Src/stm32wlxx_hal_rtc.o
                0x08003fc8                HAL_RTC_SetAlarm_IT
 .text.HAL_RTC_DeactivateAlarm
                0x080041e0       0xb8 ./Drivers/STM32WLxx_HAL_Driver/Src/stm32wlxx_hal_rtc.o
                0x080041e0                HAL_RTC_DeactivateAlarm
 .text.HAL_RTC_AlarmIRQHandler
                0x08004298       0x54 ./Drivers/STM32WLxx_HAL_Driver/Src/stm32wlxx_hal_rtc.o
                0x08004298                HAL_RTC_AlarmIRQHandler
 .text.HAL_RTC_WaitForSynchro
                0x080042ec       0x4c ./Drivers/STM32WLxx_HAL_Driver/Src/stm32wlxx_hal_rtc.o
                0x080042ec                HAL_RTC_WaitForSynchro
 .text.RTC_EnterInitMode
                0x08004338       0x68 ./Drivers/STM32WLxx_HAL_Driver/Src/stm32wlxx_hal_rtc.o
                0x08004338                RTC_EnterInitMode
 .text.RTC_ExitInitMode
                0x080043a0       0x7c ./Drivers/STM32WLxx_HAL_Driver/Src/stm32wlxx_hal_rtc.o
                0x080043a0                RTC_ExitInitMode
 .text.RTC_ByteToBcd2
                0x0800441c       0x3e ./Drivers/STM32WLxx_HAL_Driver/Src/stm32wlxx_hal_rtc.o
                0x0800441c                RTC_ByteToBcd2
 *fill*         0x0800445a        0x2 
 .text.HAL_RTCEx_EnableBypassShadow
                0x0800445c       0x64 ./Drivers/STM32WLxx_HAL_Driver/Src/stm32wlxx_hal_rtc_ex.o
                0x0800445c                HAL_RTCEx_EnableBypassShadow
 .text.HAL_RTCEx_SetSSRU_IT
                0x080044c0       0x78 ./Drivers/STM32WLxx_HAL_Driver/Src/stm32wlxx_hal_rtc_ex.o
                0x080044c0                HAL_RTCEx_SetSSRU_IT
 .text.HAL_RTCEx_SSRUIRQHandler
                0x08004538       0x34 ./Drivers/STM32WLxx_HAL_Driver/Src/stm32wlxx_hal_rtc_ex.o
                0x08004538                HAL_RTCEx_SSRUIRQHandler
 .text.HAL_RTCEx_AlarmBEventCallback
                0x0800456c       0x12 ./Drivers/STM32WLxx_HAL_Driver/Src/stm32wlxx_hal_rtc_ex.o
                0x0800456c                HAL_RTCEx_AlarmBEventCallback
 *fill*         0x0800457e        0x2 
 .text.HAL_RTCEx_BKUPWrite
                0x08004580       0x30 ./Drivers/STM32WLxx_HAL_Driver/Src/stm32wlxx_hal_rtc_ex.o
                0x08004580                HAL_RTCEx_BKUPWrite
 .text.HAL_RTCEx_BKUPRead
                0x080045b0       0x2c ./Drivers/STM32WLxx_HAL_Driver/Src/stm32wlxx_hal_rtc_ex.o
                0x080045b0                HAL_RTCEx_BKUPRead
 .text.LL_PWR_SetRadioBusyTrigger
                0x080045dc       0x28 ./Drivers/STM32WLxx_HAL_Driver/Src/stm32wlxx_hal_subghz.o
 .text.LL_PWR_UnselectSUBGHZSPI_NSS
                0x08004604       0x20 ./Drivers/STM32WLxx_HAL_Driver/Src/stm32wlxx_hal_subghz.o
 .text.LL_PWR_SelectSUBGHZSPI_NSS
                0x08004624       0x20 ./Drivers/STM32WLxx_HAL_Driver/Src/stm32wlxx_hal_subghz.o
 .text.LL_PWR_ClearFlag_RFBUSY
                0x08004644       0x18 ./Drivers/STM32WLxx_HAL_Driver/Src/stm32wlxx_hal_subghz.o
 .text.LL_PWR_IsActiveFlag_RFBUSYS
                0x0800465c       0x24 ./Drivers/STM32WLxx_HAL_Driver/Src/stm32wlxx_hal_subghz.o
 .text.LL_PWR_IsActiveFlag_RFBUSYMS
                0x08004680       0x24 ./Drivers/STM32WLxx_HAL_Driver/Src/stm32wlxx_hal_subghz.o
 .text.LL_RCC_RF_DisableReset
                0x080046a4       0x20 ./Drivers/STM32WLxx_HAL_Driver/Src/stm32wlxx_hal_subghz.o
 .text.LL_RCC_IsRFUnderReset
                0x080046c4       0x24 ./Drivers/STM32WLxx_HAL_Driver/Src/stm32wlxx_hal_subghz.o
 .text.LL_EXTI_EnableIT_32_63
                0x080046e8       0x28 ./Drivers/STM32WLxx_HAL_Driver/Src/stm32wlxx_hal_subghz.o
 .text.HAL_SUBGHZ_Init
                0x08004710       0xc8 ./Drivers/STM32WLxx_HAL_Driver/Src/stm32wlxx_hal_subghz.o
                0x08004710                HAL_SUBGHZ_Init
 .text.HAL_SUBGHZ_WriteRegisters
                0x080047d8       0xbe ./Drivers/STM32WLxx_HAL_Driver/Src/stm32wlxx_hal_subghz.o
                0x080047d8                HAL_SUBGHZ_WriteRegisters
 .text.HAL_SUBGHZ_ReadRegisters
                0x08004896       0xc2 ./Drivers/STM32WLxx_HAL_Driver/Src/stm32wlxx_hal_subghz.o
                0x08004896                HAL_SUBGHZ_ReadRegisters
 .text.HAL_SUBGHZ_ExecSetCmd
                0x08004958       0xbe ./Drivers/STM32WLxx_HAL_Driver/Src/stm32wlxx_hal_subghz.o
                0x08004958                HAL_SUBGHZ_ExecSetCmd
 .text.HAL_SUBGHZ_ExecGetCmd
                0x08004a16       0xa8 ./Drivers/STM32WLxx_HAL_Driver/Src/stm32wlxx_hal_subghz.o
                0x08004a16                HAL_SUBGHZ_ExecGetCmd
 .text.HAL_SUBGHZ_WriteBuffer
                0x08004abe       0xa6 ./Drivers/STM32WLxx_HAL_Driver/Src/stm32wlxx_hal_subghz.o
                0x08004abe                HAL_SUBGHZ_WriteBuffer
 .text.HAL_SUBGHZ_ReadBuffer
                0x08004b64       0xb0 ./Drivers/STM32WLxx_HAL_Driver/Src/stm32wlxx_hal_subghz.o
                0x08004b64                HAL_SUBGHZ_ReadBuffer
 .text.HAL_SUBGHZ_IRQHandler
                0x08004c14      0x104 ./Drivers/STM32WLxx_HAL_Driver/Src/stm32wlxx_hal_subghz.o
                0x08004c14                HAL_SUBGHZ_IRQHandler
 .text.SUBGHZSPI_Init
                0x08004d18       0x40 ./Drivers/STM32WLxx_HAL_Driver/Src/stm32wlxx_hal_subghz.o
                0x08004d18                SUBGHZSPI_Init
 .text.SUBGHZSPI_Transmit
                0x08004d58       0xac ./Drivers/STM32WLxx_HAL_Driver/Src/stm32wlxx_hal_subghz.o
                0x08004d58                SUBGHZSPI_Transmit
 .text.SUBGHZSPI_Receive
                0x08004e04       0xb0 ./Drivers/STM32WLxx_HAL_Driver/Src/stm32wlxx_hal_subghz.o
                0x08004e04                SUBGHZSPI_Receive
 .text.SUBGHZ_CheckDeviceReady
                0x08004eb4       0x48 ./Drivers/STM32WLxx_HAL_Driver/Src/stm32wlxx_hal_subghz.o
                0x08004eb4                SUBGHZ_CheckDeviceReady
 .text.SUBGHZ_WaitOnBusy
                0x08004efc       0x5c ./Drivers/STM32WLxx_HAL_Driver/Src/stm32wlxx_hal_subghz.o
                0x08004efc                SUBGHZ_WaitOnBusy
 .text.LL_RCC_GetUSARTClockSource
                0x08004f58       0x24 ./Drivers/STM32WLxx_HAL_Driver/Src/stm32wlxx_hal_uart.o
 .text.LL_RCC_GetLPUARTClockSource
                0x08004f7c       0x1e ./Drivers/STM32WLxx_HAL_Driver/Src/stm32wlxx_hal_uart.o
 .text.HAL_UART_Init
                0x08004f9a       0xa0 ./Drivers/STM32WLxx_HAL_Driver/Src/stm32wlxx_hal_uart.o
                0x08004f9a                HAL_UART_Init
 *fill*         0x0800503a        0x2 
 .text.HAL_UART_Receive_IT
                0x0800503c       0x98 ./Drivers/STM32WLxx_HAL_Driver/Src/stm32wlxx_hal_uart.o
                0x0800503c                HAL_UART_Receive_IT
 .text.HAL_UART_Transmit_DMA
                0x080050d4      0x100 ./Drivers/STM32WLxx_HAL_Driver/Src/stm32wlxx_hal_uart.o
                0x080050d4                HAL_UART_Transmit_DMA
 .text.HAL_UART_IRQHandler
                0x080051d4      0x648 ./Drivers/STM32WLxx_HAL_Driver/Src/stm32wlxx_hal_uart.o
                0x080051d4                HAL_UART_IRQHandler
 .text.HAL_UART_TxHalfCpltCallback
                0x0800581c       0x12 ./Drivers/STM32WLxx_HAL_Driver/Src/stm32wlxx_hal_uart.o
                0x0800581c                HAL_UART_TxHalfCpltCallback
 .text.HAL_UART_ErrorCallback
                0x0800582e       0x12 ./Drivers/STM32WLxx_HAL_Driver/Src/stm32wlxx_hal_uart.o
                0x0800582e                HAL_UART_ErrorCallback
 .text.HAL_UARTEx_RxEventCallback
                0x08005840       0x16 ./Drivers/STM32WLxx_HAL_Driver/Src/stm32wlxx_hal_uart.o
                0x08005840                HAL_UARTEx_RxEventCallback
 *fill*         0x08005856        0x2 
 .text.UART_SetConfig
                0x08005858      0x4e8 ./Drivers/STM32WLxx_HAL_Driver/Src/stm32wlxx_hal_uart.o
                0x08005858                UART_SetConfig
 .text.UART_AdvFeatureConfig
                0x08005d40      0x142 ./Drivers/STM32WLxx_HAL_Driver/Src/stm32wlxx_hal_uart.o
                0x08005d40                UART_AdvFeatureConfig
 .text.UART_CheckIdleState
                0x08005e82       0x9c ./Drivers/STM32WLxx_HAL_Driver/Src/stm32wlxx_hal_uart.o
                0x08005e82                UART_CheckIdleState
 .text.UART_WaitOnFlagUntilTimeout
                0x08005f1e      0x19c ./Drivers/STM32WLxx_HAL_Driver/Src/stm32wlxx_hal_uart.o
                0x08005f1e                UART_WaitOnFlagUntilTimeout
 *fill*         0x080060ba        0x2 
 .text.UART_Start_Receive_IT
                0x080060bc      0x240 ./Drivers/STM32WLxx_HAL_Driver/Src/stm32wlxx_hal_uart.o
                0x080060bc                UART_Start_Receive_IT
 .text.UART_EndTxTransfer
                0x080062fc       0x80 ./Drivers/STM32WLxx_HAL_Driver/Src/stm32wlxx_hal_uart.o
 .text.UART_EndRxTransfer
                0x0800637c       0xca ./Drivers/STM32WLxx_HAL_Driver/Src/stm32wlxx_hal_uart.o
 .text.UART_DMATransmitCplt
                0x08006446       0x9a ./Drivers/STM32WLxx_HAL_Driver/Src/stm32wlxx_hal_uart.o
 .text.UART_DMATxHalfCplt
                0x080064e0       0x1c ./Drivers/STM32WLxx_HAL_Driver/Src/stm32wlxx_hal_uart.o
 .text.UART_DMAError
                0x080064fc       0x80 ./Drivers/STM32WLxx_HAL_Driver/Src/stm32wlxx_hal_uart.o
 .text.UART_DMAAbortOnError
                0x0800657c       0x2c ./Drivers/STM32WLxx_HAL_Driver/Src/stm32wlxx_hal_uart.o
 .text.UART_EndTransmit_IT
                0x080065a8       0x56 ./Drivers/STM32WLxx_HAL_Driver/Src/stm32wlxx_hal_uart.o
 *fill*         0x080065fe        0x2 
 .text.UART_RxISR_8BIT
                0x08006600      0x1b8 ./Drivers/STM32WLxx_HAL_Driver/Src/stm32wlxx_hal_uart.o
 .text.UART_RxISR_16BIT
                0x080067b8      0x1b8 ./Drivers/STM32WLxx_HAL_Driver/Src/stm32wlxx_hal_uart.o
 .text.UART_RxISR_8BIT_FIFOEN
                0x08006970      0x360 ./Drivers/STM32WLxx_HAL_Driver/Src/stm32wlxx_hal_uart.o
 .text.UART_RxISR_16BIT_FIFOEN
                0x08006cd0      0x368 ./Drivers/STM32WLxx_HAL_Driver/Src/stm32wlxx_hal_uart.o
 .text.HAL_UARTEx_WakeupCallback
                0x08007038       0x12 ./Drivers/STM32WLxx_HAL_Driver/Src/stm32wlxx_hal_uart_ex.o
                0x08007038                HAL_UARTEx_WakeupCallback
 .text.HAL_UARTEx_RxFifoFullCallback
                0x0800704a       0x12 ./Drivers/STM32WLxx_HAL_Driver/Src/stm32wlxx_hal_uart_ex.o
                0x0800704a                HAL_UARTEx_RxFifoFullCallback
 .text.HAL_UARTEx_TxFifoEmptyCallback
                0x0800705c       0x12 ./Drivers/STM32WLxx_HAL_Driver/Src/stm32wlxx_hal_uart_ex.o
                0x0800705c                HAL_UARTEx_TxFifoEmptyCallback
 .text.HAL_UARTEx_StopModeWakeUpSourceConfig
                0x0800706e       0xb6 ./Drivers/STM32WLxx_HAL_Driver/Src/stm32wlxx_hal_uart_ex.o
                0x0800706e                HAL_UARTEx_StopModeWakeUpSourceConfig
 .text.HAL_UARTEx_EnableStopMode
                0x08007124       0x64 ./Drivers/STM32WLxx_HAL_Driver/Src/stm32wlxx_hal_uart_ex.o
                0x08007124                HAL_UARTEx_EnableStopMode
 .text.HAL_UARTEx_EnableFifoMode
                0x08007188       0x76 ./Drivers/STM32WLxx_HAL_Driver/Src/stm32wlxx_hal_uart_ex.o
                0x08007188                HAL_UARTEx_EnableFifoMode
 .text.HAL_UARTEx_SetTxFifoThreshold
                0x080071fe       0x7c ./Drivers/STM32WLxx_HAL_Driver/Src/stm32wlxx_hal_uart_ex.o
                0x080071fe                HAL_UARTEx_SetTxFifoThreshold
 .text.HAL_UARTEx_SetRxFifoThreshold
                0x0800727a       0x7c ./Drivers/STM32WLxx_HAL_Driver/Src/stm32wlxx_hal_uart_ex.o
                0x0800727a                HAL_UARTEx_SetRxFifoThreshold
 .text.UARTEx_Wakeup_AddressConfig
                0x080072f6       0x44 ./Drivers/STM32WLxx_HAL_Driver/Src/stm32wlxx_hal_uart_ex.o
 *fill*         0x0800733a        0x2 
 .text.UARTEx_SetNbDataToProcess
                0x0800733c       0x98 ./Drivers/STM32WLxx_HAL_Driver/Src/stm32wlxx_hal_uart_ex.o
 .text.LL_GPIO_SetOutputPin
                0x080073d4       0x1a ./Middlewares/Third_Party/SubGHz_Phy/stm32_radio_driver/radio.o
 .text.LL_GPIO_ResetOutputPin
                0x080073ee       0x1a ./Middlewares/Third_Party/SubGHz_Phy/stm32_radio_driver/radio.o
 .text.RadioInit
                0x08007408       0xb8 ./Middlewares/Third_Party/SubGHz_Phy/stm32_radio_driver/radio.o
 .text.RadioGetStatus
                0x080074c0       0x2e ./Middlewares/Third_Party/SubGHz_Phy/stm32_radio_driver/radio.o
 *fill*         0x080074ee        0x2 
 .text.RadioSetModem
                0x080074f0       0xb8 ./Middlewares/Third_Party/SubGHz_Phy/stm32_radio_driver/radio.o
 .text.RadioSetChannel
                0x080075a8       0x16 ./Middlewares/Third_Party/SubGHz_Phy/stm32_radio_driver/radio.o
 .text.RadioIsChannelFree
                0x080075be       0xb4 ./Middlewares/Third_Party/SubGHz_Phy/stm32_radio_driver/radio.o
 .text.RadioRandom
                0x08007672       0x26 ./Middlewares/Third_Party/SubGHz_Phy/stm32_radio_driver/radio.o
 .text.RadioSetRxConfig
                0x08007698      0x418 ./Middlewares/Third_Party/SubGHz_Phy/stm32_radio_driver/radio.o
 .text.RadioSetTxConfig
                0x08007ab0      0x224 ./Middlewares/Third_Party/SubGHz_Phy/stm32_radio_driver/radio.o
 .text.RadioCheckRfFrequency
                0x08007cd4       0x14 ./Middlewares/Third_Party/SubGHz_Phy/stm32_radio_driver/radio.o
 .text.RadioGetLoRaBandwidthInHz
                0x08007ce8       0xac ./Middlewares/Third_Party/SubGHz_Phy/stm32_radio_driver/radio.o
 .text.RadioGetGfskTimeOnAirNumerator
                0x08007d94       0x54 ./Middlewares/Third_Party/SubGHz_Phy/stm32_radio_driver/radio.o
 .text.RadioGetLoRaTimeOnAirNumerator
                0x08007de8      0x102 ./Middlewares/Third_Party/SubGHz_Phy/stm32_radio_driver/radio.o
 *fill*         0x08007eea        0x2 
 .text.RadioTimeOnAir
                0x08007eec       0xb0 ./Middlewares/Third_Party/SubGHz_Phy/stm32_radio_driver/radio.o
 .text.RadioSend
                0x08007f9c      0x1fc ./Middlewares/Third_Party/SubGHz_Phy/stm32_radio_driver/radio.o
 .text.RadioSleep
                0x08008198       0x26 ./Middlewares/Third_Party/SubGHz_Phy/stm32_radio_driver/radio.o
 .text.RadioStandby
                0x080081be        0xe ./Middlewares/Third_Party/SubGHz_Phy/stm32_radio_driver/radio.o
 .text.RadioRx  0x080081cc       0x8c ./Middlewares/Third_Party/SubGHz_Phy/stm32_radio_driver/radio.o
 .text.RadioRxBoosted
                0x08008258       0x8c ./Middlewares/Third_Party/SubGHz_Phy/stm32_radio_driver/radio.o
 .text.RadioSetRxDutyCycle
                0x080082e4       0x48 ./Middlewares/Third_Party/SubGHz_Phy/stm32_radio_driver/radio.o
 .text.RadioStartCad
                0x0800832c       0x30 ./Middlewares/Third_Party/SubGHz_Phy/stm32_radio_driver/radio.o
 .text.RadioSetTxContinuousWave
                0x0800835c       0x64 ./Middlewares/Third_Party/SubGHz_Phy/stm32_radio_driver/radio.o
 .text.RadioRssi
                0x080083c0       0x18 ./Middlewares/Third_Party/SubGHz_Phy/stm32_radio_driver/radio.o
 .text.RadioWrite
                0x080083d8       0x24 ./Middlewares/Third_Party/SubGHz_Phy/stm32_radio_driver/radio.o
 .text.RadioRead
                0x080083fc       0x1c ./Middlewares/Third_Party/SubGHz_Phy/stm32_radio_driver/radio.o
 .text.RadioWriteRegisters
                0x08008418       0x26 ./Middlewares/Third_Party/SubGHz_Phy/stm32_radio_driver/radio.o
 .text.RadioReadRegisters
                0x0800843e       0x26 ./Middlewares/Third_Party/SubGHz_Phy/stm32_radio_driver/radio.o
 .text.RadioSetMaxPayloadLength
                0x08008464       0x5c ./Middlewares/Third_Party/SubGHz_Phy/stm32_radio_driver/radio.o
 .text.RadioSetPublicNetwork
                0x080084c0       0x5c ./Middlewares/Third_Party/SubGHz_Phy/stm32_radio_driver/radio.o
 .text.RadioGetWakeupTime
                0x0800851c       0x10 ./Middlewares/Third_Party/SubGHz_Phy/stm32_radio_driver/radio.o
 .text.RadioOnTxTimeoutIrq
                0x0800852c       0x14 ./Middlewares/Third_Party/SubGHz_Phy/stm32_radio_driver/radio.o
 .text.RadioOnRxTimeoutIrq
                0x08008540       0x14 ./Middlewares/Third_Party/SubGHz_Phy/stm32_radio_driver/radio.o
 .text.RadioOnTxTimeoutProcess
                0x08008554       0x34 ./Middlewares/Third_Party/SubGHz_Phy/stm32_radio_driver/radio.o
 .text.RadioOnRxTimeoutProcess
                0x08008588       0x34 ./Middlewares/Third_Party/SubGHz_Phy/stm32_radio_driver/radio.o
 .text.RadioOnDioIrq
                0x080085bc       0x24 ./Middlewares/Third_Party/SubGHz_Phy/stm32_radio_driver/radio.o
 .text.RadioIrqProcess
                0x080085e0      0x414 ./Middlewares/Third_Party/SubGHz_Phy/stm32_radio_driver/radio.o
 .text.RadioTxPrbs
                0x080089f4       0x38 ./Middlewares/Third_Party/SubGHz_Phy/stm32_radio_driver/radio.o
 .text.RadioTxCw
                0x08008a2c       0x38 ./Middlewares/Third_Party/SubGHz_Phy/stm32_radio_driver/radio.o
 .text.payload_integration
                0x08008a64      0x120 ./Middlewares/Third_Party/SubGHz_Phy/stm32_radio_driver/radio.o
 .text.RadioSetRxGenericConfig
                0x08008b84      0x38c ./Middlewares/Third_Party/SubGHz_Phy/stm32_radio_driver/radio.o
 .text.RadioSetTxGenericConfig
                0x08008f10      0x46c ./Middlewares/Third_Party/SubGHz_Phy/stm32_radio_driver/radio.o
 .text.RadioLrFhssSetCfg
                0x0800937c       0x18 ./Middlewares/Third_Party/SubGHz_Phy/stm32_radio_driver/radio.o
 .text.RadioLrFhssGetTimeOnAirInMs
                0x08009394       0x16 ./Middlewares/Third_Party/SubGHz_Phy/stm32_radio_driver/radio.o
 *fill*         0x080093aa        0x2 
 .text.SUBGRF_Init
                0x080093ac       0x90 ./Middlewares/Third_Party/SubGHz_Phy/stm32_radio_driver/radio_driver.o
                0x080093ac                SUBGRF_Init
 .text.SUBGRF_GetOperatingMode
                0x0800943c       0x14 ./Middlewares/Third_Party/SubGHz_Phy/stm32_radio_driver/radio_driver.o
                0x0800943c                SUBGRF_GetOperatingMode
 .text.SUBGRF_SetPayload
                0x08009450       0x20 ./Middlewares/Third_Party/SubGHz_Phy/stm32_radio_driver/radio_driver.o
                0x08009450                SUBGRF_SetPayload
 .text.SUBGRF_GetPayload
                0x08009470       0x44 ./Middlewares/Third_Party/SubGHz_Phy/stm32_radio_driver/radio_driver.o
                0x08009470                SUBGRF_GetPayload
 .text.SUBGRF_SendPayload
                0x080094b4       0x26 ./Middlewares/Third_Party/SubGHz_Phy/stm32_radio_driver/radio_driver.o
                0x080094b4                SUBGRF_SendPayload
 .text.SUBGRF_SetSyncWord
                0x080094da       0x1e ./Middlewares/Third_Party/SubGHz_Phy/stm32_radio_driver/radio_driver.o
                0x080094da                SUBGRF_SetSyncWord
 .text.SUBGRF_SetCrcSeed
                0x080094f8       0x40 ./Middlewares/Third_Party/SubGHz_Phy/stm32_radio_driver/radio_driver.o
                0x080094f8                SUBGRF_SetCrcSeed
 .text.SUBGRF_SetCrcPolynomial
                0x08009538       0x40 ./Middlewares/Third_Party/SubGHz_Phy/stm32_radio_driver/radio_driver.o
                0x08009538                SUBGRF_SetCrcPolynomial
 .text.SUBGRF_SetWhiteningSeed
                0x08009578       0x66 ./Middlewares/Third_Party/SubGHz_Phy/stm32_radio_driver/radio_driver.o
                0x08009578                SUBGRF_SetWhiteningSeed
 .text.SUBGRF_GetRandom
                0x080095de       0x8c ./Middlewares/Third_Party/SubGHz_Phy/stm32_radio_driver/radio_driver.o
                0x080095de                SUBGRF_GetRandom
 *fill*         0x0800966a        0x2 
 .text.SUBGRF_SetSleep
                0x0800966c       0x64 ./Middlewares/Third_Party/SubGHz_Phy/stm32_radio_driver/radio_driver.o
                0x0800966c                SUBGRF_SetSleep
 .text.SUBGRF_SetStandby
                0x080096d0       0x38 ./Middlewares/Third_Party/SubGHz_Phy/stm32_radio_driver/radio_driver.o
                0x080096d0                SUBGRF_SetStandby
 .text.SUBGRF_SetTx
                0x08009708       0x40 ./Middlewares/Third_Party/SubGHz_Phy/stm32_radio_driver/radio_driver.o
                0x08009708                SUBGRF_SetTx
 .text.SUBGRF_SetRx
                0x08009748       0x40 ./Middlewares/Third_Party/SubGHz_Phy/stm32_radio_driver/radio_driver.o
                0x08009748                SUBGRF_SetRx
 .text.SUBGRF_SetRxBoosted
                0x08009788       0x48 ./Middlewares/Third_Party/SubGHz_Phy/stm32_radio_driver/radio_driver.o
                0x08009788                SUBGRF_SetRxBoosted
 .text.SUBGRF_SetRxDutyCycle
                0x080097d0       0x58 ./Middlewares/Third_Party/SubGHz_Phy/stm32_radio_driver/radio_driver.o
                0x080097d0                SUBGRF_SetRxDutyCycle
 .text.SUBGRF_SetCad
                0x08009828       0x1c ./Middlewares/Third_Party/SubGHz_Phy/stm32_radio_driver/radio_driver.o
                0x08009828                SUBGRF_SetCad
 .text.SUBGRF_SetTxContinuousWave
                0x08009844       0x12 ./Middlewares/Third_Party/SubGHz_Phy/stm32_radio_driver/radio_driver.o
                0x08009844                SUBGRF_SetTxContinuousWave
 .text.SUBGRF_SetTxInfinitePreamble
                0x08009856       0x12 ./Middlewares/Third_Party/SubGHz_Phy/stm32_radio_driver/radio_driver.o
                0x08009856                SUBGRF_SetTxInfinitePreamble
 .text.SUBGRF_SetStopRxTimerOnPreambleDetect
                0x08009868       0x1e ./Middlewares/Third_Party/SubGHz_Phy/stm32_radio_driver/radio_driver.o
                0x08009868                SUBGRF_SetStopRxTimerOnPreambleDetect
 .text.SUBGRF_SetLoRaSymbNumTimeout
                0x08009886       0x5e ./Middlewares/Third_Party/SubGHz_Phy/stm32_radio_driver/radio_driver.o
                0x08009886                SUBGRF_SetLoRaSymbNumTimeout
 .text.SUBGRF_SetRegulatorMode
                0x080098e4       0x2e ./Middlewares/Third_Party/SubGHz_Phy/stm32_radio_driver/radio_driver.o
                0x080098e4                SUBGRF_SetRegulatorMode
 .text.SUBGRF_Calibrate
                0x08009912       0x8c ./Middlewares/Third_Party/SubGHz_Phy/stm32_radio_driver/radio_driver.o
                0x08009912                SUBGRF_Calibrate
 *fill*         0x0800999e        0x2 
 .text.SUBGRF_CalibrateImage
                0x080099a0       0x94 ./Middlewares/Third_Party/SubGHz_Phy/stm32_radio_driver/radio_driver.o
                0x080099a0                SUBGRF_CalibrateImage
 .text.SUBGRF_SetPaConfig
                0x08009a34       0x44 ./Middlewares/Third_Party/SubGHz_Phy/stm32_radio_driver/radio_driver.o
                0x08009a34                SUBGRF_SetPaConfig
 .text.SUBGRF_SetDioIrqParams
                0x08009a78       0x74 ./Middlewares/Third_Party/SubGHz_Phy/stm32_radio_driver/radio_driver.o
                0x08009a78                SUBGRF_SetDioIrqParams
 .text.SUBGRF_SetTcxoMode
                0x08009aec       0x42 ./Middlewares/Third_Party/SubGHz_Phy/stm32_radio_driver/radio_driver.o
                0x08009aec                SUBGRF_SetTcxoMode
 *fill*         0x08009b2e        0x2 
 .text.SUBGRF_SetRfFrequency
                0x08009b30       0x8c ./Middlewares/Third_Party/SubGHz_Phy/stm32_radio_driver/radio_driver.o
                0x08009b30                SUBGRF_SetRfFrequency
 .text.SUBGRF_SetPacketType
                0x08009bbc       0x38 ./Middlewares/Third_Party/SubGHz_Phy/stm32_radio_driver/radio_driver.o
                0x08009bbc                SUBGRF_SetPacketType
 .text.SUBGRF_GetPacketType
                0x08009bf4       0x14 ./Middlewares/Third_Party/SubGHz_Phy/stm32_radio_driver/radio_driver.o
                0x08009bf4                SUBGRF_GetPacketType
 .text.SUBGRF_SetTxParams
                0x08009c08      0x19a ./Middlewares/Third_Party/SubGHz_Phy/stm32_radio_driver/radio_driver.o
                0x08009c08                SUBGRF_SetTxParams
 *fill*         0x08009da2        0x2 
 .text.SUBGRF_SetModulationParams
                0x08009da4      0x1a4 ./Middlewares/Third_Party/SubGHz_Phy/stm32_radio_driver/radio_driver.o
                0x08009da4                SUBGRF_SetModulationParams
 .text.SUBGRF_SetPacketParams
                0x08009f48      0x13c ./Middlewares/Third_Party/SubGHz_Phy/stm32_radio_driver/radio_driver.o
                0x08009f48                SUBGRF_SetPacketParams
 .text.SUBGRF_SetBufferBaseAddress
                0x0800a084       0x2e ./Middlewares/Third_Party/SubGHz_Phy/stm32_radio_driver/radio_driver.o
                0x0800a084                SUBGRF_SetBufferBaseAddress
 .text.SUBGRF_GetRssiInst
                0x0800a0b2       0x2a ./Middlewares/Third_Party/SubGHz_Phy/stm32_radio_driver/radio_driver.o
                0x0800a0b2                SUBGRF_GetRssiInst
 .text.SUBGRF_GetRxBufferStatus
                0x0800a0dc       0x58 ./Middlewares/Third_Party/SubGHz_Phy/stm32_radio_driver/radio_driver.o
                0x0800a0dc                SUBGRF_GetRxBufferStatus
 .text.SUBGRF_GetPacketStatus
                0x0800a134       0xa4 ./Middlewares/Third_Party/SubGHz_Phy/stm32_radio_driver/radio_driver.o
                0x0800a134                SUBGRF_GetPacketStatus
 .text.SUBGRF_WriteRegister
                0x0800a1d8       0x44 ./Middlewares/Third_Party/SubGHz_Phy/stm32_radio_driver/radio_driver.o
                0x0800a1d8                SUBGRF_WriteRegister
 .text.SUBGRF_ReadRegister
                0x0800a21c       0x40 ./Middlewares/Third_Party/SubGHz_Phy/stm32_radio_driver/radio_driver.o
                0x0800a21c                SUBGRF_ReadRegister
 .text.SUBGRF_WriteRegisters
                0x0800a25c       0x44 ./Middlewares/Third_Party/SubGHz_Phy/stm32_radio_driver/radio_driver.o
                0x0800a25c                SUBGRF_WriteRegisters
 .text.SUBGRF_ReadRegisters
                0x0800a2a0       0x44 ./Middlewares/Third_Party/SubGHz_Phy/stm32_radio_driver/radio_driver.o
                0x0800a2a0                SUBGRF_ReadRegisters
 .text.SUBGRF_WriteBuffer
                0x0800a2e4       0x44 ./Middlewares/Third_Party/SubGHz_Phy/stm32_radio_driver/radio_driver.o
                0x0800a2e4                SUBGRF_WriteBuffer
 .text.SUBGRF_ReadBuffer
                0x0800a328       0x44 ./Middlewares/Third_Party/SubGHz_Phy/stm32_radio_driver/radio_driver.o
                0x0800a328                SUBGRF_ReadBuffer
 .text.SUBGRF_WriteCommand
                0x0800a36c       0x44 ./Middlewares/Third_Party/SubGHz_Phy/stm32_radio_driver/radio_driver.o
                0x0800a36c                SUBGRF_WriteCommand
 .text.SUBGRF_ReadCommand
                0x0800a3b0       0x44 ./Middlewares/Third_Party/SubGHz_Phy/stm32_radio_driver/radio_driver.o
                0x0800a3b0                SUBGRF_ReadCommand
 .text.SUBGRF_SetSwitch
                0x0800a3f4       0x50 ./Middlewares/Third_Party/SubGHz_Phy/stm32_radio_driver/radio_driver.o
                0x0800a3f4                SUBGRF_SetSwitch
 .text.SUBGRF_SetRfTxPower
                0x0800a444       0x68 ./Middlewares/Third_Party/SubGHz_Phy/stm32_radio_driver/radio_driver.o
                0x0800a444                SUBGRF_SetRfTxPower
 .text.SUBGRF_GetRadioWakeUpTime
                0x0800a4ac        0xe ./Middlewares/Third_Party/SubGHz_Phy/stm32_radio_driver/radio_driver.o
                0x0800a4ac                SUBGRF_GetRadioWakeUpTime
 *fill*         0x0800a4ba        0x2 
 .text.HAL_SUBGHZ_TxCpltCallback
                0x0800a4bc       0x1c ./Middlewares/Third_Party/SubGHz_Phy/stm32_radio_driver/radio_driver.o
                0x0800a4bc                HAL_SUBGHZ_TxCpltCallback
 .text.HAL_SUBGHZ_RxCpltCallback
                0x0800a4d8       0x1c ./Middlewares/Third_Party/SubGHz_Phy/stm32_radio_driver/radio_driver.o
                0x0800a4d8                HAL_SUBGHZ_RxCpltCallback
 .text.HAL_SUBGHZ_CRCErrorCallback
                0x0800a4f4       0x1c ./Middlewares/Third_Party/SubGHz_Phy/stm32_radio_driver/radio_driver.o
                0x0800a4f4                HAL_SUBGHZ_CRCErrorCallback
 .text.HAL_SUBGHZ_CADStatusCallback
                0x0800a510       0x3c ./Middlewares/Third_Party/SubGHz_Phy/stm32_radio_driver/radio_driver.o
                0x0800a510                HAL_SUBGHZ_CADStatusCallback
 .text.HAL_SUBGHZ_RxTxTimeoutCallback
                0x0800a54c       0x20 ./Middlewares/Third_Party/SubGHz_Phy/stm32_radio_driver/radio_driver.o
                0x0800a54c                HAL_SUBGHZ_RxTxTimeoutCallback
 .text.HAL_SUBGHZ_HeaderErrorCallback
                0x0800a56c       0x1c ./Middlewares/Third_Party/SubGHz_Phy/stm32_radio_driver/radio_driver.o
                0x0800a56c                HAL_SUBGHZ_HeaderErrorCallback
 .text.HAL_SUBGHZ_PreambleDetectedCallback
                0x0800a588       0x1c ./Middlewares/Third_Party/SubGHz_Phy/stm32_radio_driver/radio_driver.o
                0x0800a588                HAL_SUBGHZ_PreambleDetectedCallback
 .text.HAL_SUBGHZ_SyncWordValidCallback
                0x0800a5a4       0x1c ./Middlewares/Third_Party/SubGHz_Phy/stm32_radio_driver/radio_driver.o
                0x0800a5a4                HAL_SUBGHZ_SyncWordValidCallback
 .text.HAL_SUBGHZ_HeaderValidCallback
                0x0800a5c0       0x1c ./Middlewares/Third_Party/SubGHz_Phy/stm32_radio_driver/radio_driver.o
                0x0800a5c0                HAL_SUBGHZ_HeaderValidCallback
 .text.HAL_SUBGHZ_LrFhssHopCallback
                0x0800a5dc       0x20 ./Middlewares/Third_Party/SubGHz_Phy/stm32_radio_driver/radio_driver.o
                0x0800a5dc                HAL_SUBGHZ_LrFhssHopCallback
 .text.Radio_SMPS_Set
                0x0800a5fc       0x42 ./Middlewares/Third_Party/SubGHz_Phy/stm32_radio_driver/radio_driver.o
 *fill*         0x0800a63e        0x2 
 .text.SUBGRF_GetFskBandwidthRegValue
                0x0800a640       0x50 ./Middlewares/Third_Party/SubGHz_Phy/stm32_radio_driver/radio_driver.o
                0x0800a640                SUBGRF_GetFskBandwidthRegValue
 .text.SUBGRF_GetCFO
                0x0800a690       0xe8 ./Middlewares/Third_Party/SubGHz_Phy/stm32_radio_driver/radio_driver.o
                0x0800a690                SUBGRF_GetCFO
 .text.RFW_TransmitLongPacket
                0x0800a778       0x24 ./Middlewares/Third_Party/SubGHz_Phy/stm32_radio_driver/radio_fw.o
                0x0800a778                RFW_TransmitLongPacket
 .text.RFW_ReceiveLongPacket
                0x0800a79c       0x24 ./Middlewares/Third_Party/SubGHz_Phy/stm32_radio_driver/radio_fw.o
                0x0800a79c                RFW_ReceiveLongPacket
 .text.RFW_Init
                0x0800a7c0       0x1a ./Middlewares/Third_Party/SubGHz_Phy/stm32_radio_driver/radio_fw.o
                0x0800a7c0                RFW_Init
 .text.RFW_DeInit
                0x0800a7da        0xc ./Middlewares/Third_Party/SubGHz_Phy/stm32_radio_driver/radio_fw.o
                0x0800a7da                RFW_DeInit
 .text.RFW_Is_Init
                0x0800a7e6        0xe ./Middlewares/Third_Party/SubGHz_Phy/stm32_radio_driver/radio_fw.o
                0x0800a7e6                RFW_Is_Init
 .text.RFW_Is_LongPacketModeEnabled
                0x0800a7f4        0xe ./Middlewares/Third_Party/SubGHz_Phy/stm32_radio_driver/radio_fw.o
                0x0800a7f4                RFW_Is_LongPacketModeEnabled
 .text.RFW_SetAntSwitch
                0x0800a802       0x14 ./Middlewares/Third_Party/SubGHz_Phy/stm32_radio_driver/radio_fw.o
                0x0800a802                RFW_SetAntSwitch
 .text.RFW_TransmitInit
                0x0800a816       0x20 ./Middlewares/Third_Party/SubGHz_Phy/stm32_radio_driver/radio_fw.o
                0x0800a816                RFW_TransmitInit
 .text.RFW_ReceiveInit
                0x0800a836       0x10 ./Middlewares/Third_Party/SubGHz_Phy/stm32_radio_driver/radio_fw.o
                0x0800a836                RFW_ReceiveInit
 .text.RFW_DeInit_TxLongPacket
                0x0800a846        0xc ./Middlewares/Third_Party/SubGHz_Phy/stm32_radio_driver/radio_fw.o
                0x0800a846                RFW_DeInit_TxLongPacket
 .text.RFW_ReceivePayload
                0x0800a852        0xc ./Middlewares/Third_Party/SubGHz_Phy/stm32_radio_driver/radio_fw.o
                0x0800a852                RFW_ReceivePayload
 .text.RFW_SetRadioModem
                0x0800a85e       0x14 ./Middlewares/Third_Party/SubGHz_Phy/stm32_radio_driver/radio_fw.o
                0x0800a85e                RFW_SetRadioModem
 .text.MX_SubGHz_Phy_Init
                0x0800a872       0x10 ./SubGHz_Phy/App/app_subghz_phy.o
                0x0800a872                MX_SubGHz_Phy_Init
 .text.MX_SubGHz_Phy_Process
                0x0800a882       0x10 ./SubGHz_Phy/App/app_subghz_phy.o
                0x0800a882                MX_SubGHz_Phy_Process
 *fill*         0x0800a892        0x2 
 .text.SubghzApp_Init
                0x0800a894      0x148 ./SubGHz_Phy/App/subghz_phy_app.o
                0x0800a894                SubghzApp_Init
 .text.OnTxDone
                0x0800a9dc       0x38 ./SubGHz_Phy/App/subghz_phy_app.o
 .text.OnRxDone
                0x0800aa14      0x1d8 ./SubGHz_Phy/App/subghz_phy_app.o
 .text.OnTxTimeout
                0x0800abec       0x20 ./SubGHz_Phy/App/subghz_phy_app.o
 .text.OnRxTimeout
                0x0800ac0c       0x20 ./SubGHz_Phy/App/subghz_phy_app.o
 .text.OnRxError
                0x0800ac2c       0x20 ./SubGHz_Phy/App/subghz_phy_app.o
 .text.RX_Process
                0x0800ac4c       0x28 ./SubGHz_Phy/App/subghz_phy_app.o
 .text.TX_Process
                0x0800ac74       0x60 ./SubGHz_Phy/App/subghz_phy_app.o
 .text.createPayload
                0x0800acd4      0x140 ./SubGHz_Phy/App/subghz_phy_app.o
 .text.isDuplicate
                0x0800ae14       0x50 ./SubGHz_Phy/App/subghz_phy_app.o
 .text.storePayload
                0x0800ae64       0x50 ./SubGHz_Phy/App/subghz_phy_app.o
 .text.HAL_GPIO_EXTI_Callback
                0x0800aeb4       0x38 ./SubGHz_Phy/App/subghz_phy_app.o
                0x0800aeb4                HAL_GPIO_EXTI_Callback
 .text.RBI_Init
                0x0800aeec        0xe ./SubGHz_Phy/Target/radio_board_if.o
                0x0800aeec                RBI_Init
 .text.RBI_ConfigRFSwitch
                0x0800aefa       0x1c ./SubGHz_Phy/Target/radio_board_if.o
                0x0800aefa                RBI_ConfigRFSwitch
 .text.RBI_GetTxConfig
                0x0800af16        0xe ./SubGHz_Phy/Target/radio_board_if.o
                0x0800af16                RBI_GetTxConfig
 .text.RBI_IsTCXO
                0x0800af24        0xe ./SubGHz_Phy/Target/radio_board_if.o
                0x0800af24                RBI_IsTCXO
 .text.RBI_IsDCDC
                0x0800af32        0xe ./SubGHz_Phy/Target/radio_board_if.o
                0x0800af32                RBI_IsDCDC
 .text.RBI_GetRFOMaxPowerConfig
                0x0800af40       0x1c ./SubGHz_Phy/Target/radio_board_if.o
                0x0800af40                RBI_GetRFOMaxPowerConfig
 .text.UTIL_LPM_Init
                0x0800af5c       0x20 ./Utilities/lpm/tiny_lpm/stm32_lpm.o
                0x0800af5c                UTIL_LPM_Init
 .text.UTIL_LPM_SetStopMode
                0x0800af7c       0x60 ./Utilities/lpm/tiny_lpm/stm32_lpm.o
                0x0800af7c                UTIL_LPM_SetStopMode
 .text.UTIL_LPM_SetOffMode
                0x0800afdc       0x60 ./Utilities/lpm/tiny_lpm/stm32_lpm.o
                0x0800afdc                UTIL_LPM_SetOffMode
 .text.UTIL_LPM_EnterLowPower
                0x0800b03c       0x6c ./Utilities/lpm/tiny_lpm/stm32_lpm.o
                0x0800b03c                UTIL_LPM_EnterLowPower
 .text.UTIL_MEM_cpy_8
                0x0800b0a8       0x3e ./Utilities/misc/stm32_mem.o
                0x0800b0a8                UTIL_MEM_cpy_8
 .text.UTIL_MEM_set_8
                0x0800b0e6       0x36 ./Utilities/misc/stm32_mem.o
                0x0800b0e6                UTIL_MEM_set_8
 .text.SysTimeAdd
                0x0800b11c       0x72 ./Utilities/misc/stm32_systime.o
                0x0800b11c                SysTimeAdd
 *fill*         0x0800b18e        0x2 
 .text.SysTimeGet
                0x0800b190       0x70 ./Utilities/misc/stm32_systime.o
                0x0800b190                SysTimeGet
 .text.ee_skip_atoi
                0x0800b200       0x4c ./Utilities/misc/stm32_tiny_vsnprintf.o
 .text.ee_number
                0x0800b24c      0x1dc ./Utilities/misc/stm32_tiny_vsnprintf.o
 .text.tiny_vsnprintf_like
                0x0800b428      0x2a4 ./Utilities/misc/stm32_tiny_vsnprintf.o
                0x0800b428                tiny_vsnprintf_like
 .text.UTIL_SEQ_Run
                0x0800b6cc      0x1f8 ./Utilities/sequencer/stm32_seq.o
                0x0800b6cc                UTIL_SEQ_Run
 .text.UTIL_SEQ_RegTask
                0x0800b8c4       0x44 ./Utilities/sequencer/stm32_seq.o
                0x0800b8c4                UTIL_SEQ_RegTask
 .text.UTIL_SEQ_SetTask
                0x0800b908       0x58 ./Utilities/sequencer/stm32_seq.o
                0x0800b908                UTIL_SEQ_SetTask
 .text.UTIL_SEQ_PreIdle
                0x0800b960        0xc ./Utilities/sequencer/stm32_seq.o
                0x0800b960                UTIL_SEQ_PreIdle
 .text.UTIL_SEQ_PostIdle
                0x0800b96c        0xc ./Utilities/sequencer/stm32_seq.o
                0x0800b96c                UTIL_SEQ_PostIdle
 .text.SEQ_BitPosition
                0x0800b978       0x70 ./Utilities/sequencer/stm32_seq.o
                0x0800b978                SEQ_BitPosition
 .text.UTIL_TIMER_Init
                0x0800b9e8       0x20 ./Utilities/timer/stm32_timer.o
                0x0800b9e8                UTIL_TIMER_Init
 .text.UTIL_TIMER_Create
                0x0800ba08       0x6c ./Utilities/timer/stm32_timer.o
                0x0800ba08                UTIL_TIMER_Create
 .text.UTIL_TIMER_Start
                0x0800ba74       0xdc ./Utilities/timer/stm32_timer.o
                0x0800ba74                UTIL_TIMER_Start
 .text.UTIL_TIMER_Stop
                0x0800bb50       0xe0 ./Utilities/timer/stm32_timer.o
                0x0800bb50                UTIL_TIMER_Stop
 .text.UTIL_TIMER_SetPeriod
                0x0800bc30       0x54 ./Utilities/timer/stm32_timer.o
                0x0800bc30                UTIL_TIMER_SetPeriod
 .text.UTIL_TIMER_IRQ_Handler
                0x0800bc84      0x100 ./Utilities/timer/stm32_timer.o
                0x0800bc84                UTIL_TIMER_IRQ_Handler
 .text.UTIL_TIMER_GetCurrentTime
                0x0800bd84       0x24 ./Utilities/timer/stm32_timer.o
                0x0800bd84                UTIL_TIMER_GetCurrentTime
 .text.UTIL_TIMER_GetElapsedTime
                0x0800bda8       0x38 ./Utilities/timer/stm32_timer.o
                0x0800bda8                UTIL_TIMER_GetElapsedTime
 .text.TimerExists
                0x0800bde0       0x38 ./Utilities/timer/stm32_timer.o
                0x0800bde0                TimerExists
 .text.TimerSetTimeout
                0x0800be18       0x54 ./Utilities/timer/stm32_timer.o
                0x0800be18                TimerSetTimeout
 .text.TimerInsertTimer
                0x0800be6c       0x60 ./Utilities/timer/stm32_timer.o
                0x0800be6c                TimerInsertTimer
 .text.TimerInsertNewHeadTimer
                0x0800becc       0x3c ./Utilities/timer/stm32_timer.o
                0x0800becc                TimerInsertNewHeadTimer
 .text.UTIL_ADV_TRACE_Init
                0x0800bf08       0x38 ./Utilities/trace/adv_trace/stm32_adv_trace.o
                0x0800bf08                UTIL_ADV_TRACE_Init
 .text.UTIL_ADV_TRACE_COND_FSend
                0x0800bf40      0x100 ./Utilities/trace/adv_trace/stm32_adv_trace.o
                0x0800bf40                UTIL_ADV_TRACE_COND_FSend
 .text.UTIL_ADV_TRACE_RegisterTimeStampFunction
                0x0800c040       0x1c ./Utilities/trace/adv_trace/stm32_adv_trace.o
                0x0800c040                UTIL_ADV_TRACE_RegisterTimeStampFunction
 .text.UTIL_ADV_TRACE_SetVerboseLevel
                0x0800c05c       0x20 ./Utilities/trace/adv_trace/stm32_adv_trace.o
                0x0800c05c                UTIL_ADV_TRACE_SetVerboseLevel
 .text.TRACE_Send
                0x0800c07c      0x108 ./Utilities/trace/adv_trace/stm32_adv_trace.o
 .text.TRACE_TxCpltCallback
                0x0800c184      0x118 ./Utilities/trace/adv_trace/stm32_adv_trace.o
 .text.TRACE_AllocateBufer
                0x0800c29c       0xfc ./Utilities/trace/adv_trace/stm32_adv_trace.o
 .text.TRACE_Lock
                0x0800c398       0x3c ./Utilities/trace/adv_trace/stm32_adv_trace.o
 .text.TRACE_UnLock
                0x0800c3d4       0x3c ./Utilities/trace/adv_trace/stm32_adv_trace.o
 .text.TRACE_IsLocked
                0x0800c410       0x20 ./Utilities/trace/adv_trace/stm32_adv_trace.o
 .text.memset   0x0800c430       0x10 C:/ST/STM32CubeIDE_1.16.0/STM32CubeIDE/plugins/com.st.stm32cube.ide.mcu.externaltools.gnu-tools-for-stm32.12.3.rel1.win32_1.0.200.202406191623/tools/bin/../lib/gcc/arm-none-eabi/12.3.1/../../../../arm-none-eabi/lib/thumb/v7e-m/nofp\libc_nano.a(libc_a-memset.o)
                0x0800c430                memset
 .text.__libc_init_array
                0x0800c440       0x48 C:/ST/STM32CubeIDE_1.16.0/STM32CubeIDE/plugins/com.st.stm32cube.ide.mcu.externaltools.gnu-tools-for-stm32.12.3.rel1.win32_1.0.200.202406191623/tools/bin/../lib/gcc/arm-none-eabi/12.3.1/../../../../arm-none-eabi/lib/thumb/v7e-m/nofp\libc_nano.a(libc_a-init.o)
                0x0800c440                __libc_init_array
 *(.glue_7)
 .glue_7        0x0800c488        0x0 linker stubs
 *(.glue_7t)
 .glue_7t       0x0800c488        0x0 linker stubs
 *(.eh_frame)
 .eh_frame      0x0800c488        0x0 C:/ST/STM32CubeIDE_1.16.0/STM32CubeIDE/plugins/com.st.stm32cube.ide.mcu.externaltools.gnu-tools-for-stm32.12.3.rel1.win32_1.0.200.202406191623/tools/bin/../lib/gcc/arm-none-eabi/12.3.1/thumb/v7e-m/nofp/crtbegin.o
 *(.init)
 .init          0x0800c488        0x4 C:/ST/STM32CubeIDE_1.16.0/STM32CubeIDE/plugins/com.st.stm32cube.ide.mcu.externaltools.gnu-tools-for-stm32.12.3.rel1.win32_1.0.200.202406191623/tools/bin/../lib/gcc/arm-none-eabi/12.3.1/thumb/v7e-m/nofp/crti.o
                0x0800c488                _init
 .init          0x0800c48c        0x8 C:/ST/STM32CubeIDE_1.16.0/STM32CubeIDE/plugins/com.st.stm32cube.ide.mcu.externaltools.gnu-tools-for-stm32.12.3.rel1.win32_1.0.200.202406191623/tools/bin/../lib/gcc/arm-none-eabi/12.3.1/thumb/v7e-m/nofp/crtn.o
 *(.fini)
 .fini          0x0800c494        0x4 C:/ST/STM32CubeIDE_1.16.0/STM32CubeIDE/plugins/com.st.stm32cube.ide.mcu.externaltools.gnu-tools-for-stm32.12.3.rel1.win32_1.0.200.202406191623/tools/bin/../lib/gcc/arm-none-eabi/12.3.1/thumb/v7e-m/nofp/crti.o
                0x0800c494                _fini
 .fini          0x0800c498        0x8 C:/ST/STM32CubeIDE_1.16.0/STM32CubeIDE/plugins/com.st.stm32cube.ide.mcu.externaltools.gnu-tools-for-stm32.12.3.rel1.win32_1.0.200.202406191623/tools/bin/../lib/gcc/arm-none-eabi/12.3.1/thumb/v7e-m/nofp/crtn.o
                0x0800c4a0                        . = ALIGN (0x4)
                0x0800c4a0                        _etext = .

.vfp11_veneer   0x0800c4a0        0x0
 .vfp11_veneer  0x0800c4a0        0x0 linker stubs

.v4_bx          0x0800c4a0        0x0
 .v4_bx         0x0800c4a0        0x0 linker stubs

.iplt           0x0800c4a0        0x0
 .iplt          0x0800c4a0        0x0 C:/ST/STM32CubeIDE_1.16.0/STM32CubeIDE/plugins/com.st.stm32cube.ide.mcu.externaltools.gnu-tools-for-stm32.12.3.rel1.win32_1.0.200.202406191623/tools/bin/../lib/gcc/arm-none-eabi/12.3.1/thumb/v7e-m/nofp/crtbegin.o

.rodata         0x0800c4a0      0x5c4
                0x0800c4a0                        . = ALIGN (0x4)
 *(.rodata)
 .rodata        0x0800c4a0        0x9 ./Core/Src/sys_app.o
 *fill*         0x0800c4a9        0x3 
 .rodata        0x0800c4ac       0x1c ./Drivers/STM32WLxx_HAL_Driver/Src/stm32wlxx_hal_rcc.o
 .rodata        0x0800c4c8       0x10 ./Middlewares/Third_Party/SubGHz_Phy/stm32_radio_driver/radio.o
 .rodata        0x0800c4d8       0x11 ./Middlewares/Third_Party/SubGHz_Phy/stm32_radio_driver/radio_driver.o
 *fill*         0x0800c4e9        0x3 
 .rodata        0x0800c4ec      0x29e ./SubGHz_Phy/App/subghz_phy_app.o
 *fill*         0x0800c78a        0x2 
 .rodata        0x0800c78c       0x57 ./Utilities/misc/stm32_tiny_vsnprintf.o
 *(.rodata*)
 *fill*         0x0800c7e3        0x1 
 .rodata.UTIL_PowerDriver
                0x0800c7e4       0x18 ./Core/Src/stm32_lpm_if.o
                0x0800c7e4                UTIL_PowerDriver
 .rodata.AHBPrescTable
                0x0800c7fc       0x40 ./Core/Src/system_stm32wlxx.o
                0x0800c7fc                AHBPrescTable
 .rodata.APBPrescTable
                0x0800c83c       0x20 ./Core/Src/system_stm32wlxx.o
                0x0800c83c                APBPrescTable
 .rodata.MSIRangeTable
                0x0800c85c       0x40 ./Core/Src/system_stm32wlxx.o
                0x0800c85c                MSIRangeTable
 .rodata.UTIL_TimerDriver
                0x0800c89c       0x2c ./Core/Src/timer_if.o
                0x0800c89c                UTIL_TimerDriver
 .rodata.UTIL_SYSTIMDriver
                0x0800c8c8       0x14 ./Core/Src/timer_if.o
                0x0800c8c8                UTIL_SYSTIMDriver
 .rodata.UTIL_TraceDriver
                0x0800c8dc       0x10 ./Core/Src/usart_if.o
                0x0800c8dc                UTIL_TraceDriver
 .rodata.UARTPrescTable
                0x0800c8ec       0x18 ./Drivers/STM32WLxx_HAL_Driver/Src/stm32wlxx_hal_uart.o
                0x0800c8ec                UARTPrescTable
 .rodata.numerator.1
                0x0800c904        0x8 ./Drivers/STM32WLxx_HAL_Driver/Src/stm32wlxx_hal_uart_ex.o
 .rodata.denominator.0
                0x0800c90c        0x8 ./Drivers/STM32WLxx_HAL_Driver/Src/stm32wlxx_hal_uart_ex.o
 .rodata.Radio  0x0800c914       0x8c ./Middlewares/Third_Party/SubGHz_Phy/stm32_radio_driver/radio.o
                0x0800c914                Radio
 .rodata.Bandwidths
                0x0800c9a0        0x3 ./Middlewares/Third_Party/SubGHz_Phy/stm32_radio_driver/radio.o
                0x0800c9a0                Bandwidths
 *fill*         0x0800c9a3        0x1 
 .rodata.FskBandwidths
                0x0800c9a4       0xb0 ./Middlewares/Third_Party/SubGHz_Phy/stm32_radio_driver/radio_driver.o
 .rodata.SEQ_clz_table_4bit
                0x0800ca54       0x10 ./Utilities/sequencer/stm32_seq.o
                0x0800ca54                SEQ_clz_table_4bit
                0x0800ca64                        . = ALIGN (0x4)

.ARM.extab      0x0800ca64        0x0
                0x0800ca64                        . = ALIGN (0x4)
 *(.ARM.extab* .gnu.linkonce.armextab.*)
                0x0800ca64                        . = ALIGN (0x4)

.ARM            0x0800ca64        0x8
                0x0800ca64                        . = ALIGN (0x4)
                0x0800ca64                        __exidx_start = .
 *(.ARM.exidx*)
 .ARM.exidx     0x0800ca64        0x8 C:/ST/STM32CubeIDE_1.16.0/STM32CubeIDE/plugins/com.st.stm32cube.ide.mcu.externaltools.gnu-tools-for-stm32.12.3.rel1.win32_1.0.200.202406191623/tools/bin/../lib/gcc/arm-none-eabi/12.3.1/../../../../arm-none-eabi/lib/thumb/v7e-m/nofp\libc_nano.a(libc_a-strlen.o)
 .ARM.exidx     0x0800ca6c        0x0 C:/ST/STM32CubeIDE_1.16.0/STM32CubeIDE/plugins/com.st.stm32cube.ide.mcu.externaltools.gnu-tools-for-stm32.12.3.rel1.win32_1.0.200.202406191623/tools/bin/../lib/gcc/arm-none-eabi/12.3.1/thumb/v7e-m/nofp\libgcc.a(_udivmoddi4.o)
                                  0x8 (size before relaxing)
                0x0800ca6c                        __exidx_end = .
                0x0800ca6c                        . = ALIGN (0x4)

.rel.dyn        0x0800ca6c        0x0
 .rel.iplt      0x0800ca6c        0x0 C:/ST/STM32CubeIDE_1.16.0/STM32CubeIDE/plugins/com.st.stm32cube.ide.mcu.externaltools.gnu-tools-for-stm32.12.3.rel1.win32_1.0.200.202406191623/tools/bin/../lib/gcc/arm-none-eabi/12.3.1/thumb/v7e-m/nofp/crtbegin.o

.preinit_array  0x0800ca6c        0x0
                0x0800ca6c                        . = ALIGN (0x4)
                0x0800ca6c                        PROVIDE (__preinit_array_start = .)
 *(.preinit_array*)
                0x0800ca6c                        PROVIDE (__preinit_array_end = .)
                0x0800ca6c                        . = ALIGN (0x4)

.init_array     0x0800ca6c        0x4
                0x0800ca6c                        . = ALIGN (0x4)
                0x0800ca6c                        PROVIDE (__init_array_start = .)
 *(SORT_BY_NAME(.init_array.*))
 *(.init_array*)
 .init_array    0x0800ca6c        0x4 C:/ST/STM32CubeIDE_1.16.0/STM32CubeIDE/plugins/com.st.stm32cube.ide.mcu.externaltools.gnu-tools-for-stm32.12.3.rel1.win32_1.0.200.202406191623/tools/bin/../lib/gcc/arm-none-eabi/12.3.1/thumb/v7e-m/nofp/crtbegin.o
                0x0800ca70                        PROVIDE (__init_array_end = .)
                0x0800ca70                        . = ALIGN (0x4)

.fini_array     0x0800ca70        0x4
                0x0800ca70                        . = ALIGN (0x4)
                [!provide]                        PROVIDE (__fini_array_start = .)
 *(SORT_BY_NAME(.fini_array.*))
 *(.fini_array*)
 .fini_array    0x0800ca70        0x4 C:/ST/STM32CubeIDE_1.16.0/STM32CubeIDE/plugins/com.st.stm32cube.ide.mcu.externaltools.gnu-tools-for-stm32.12.3.rel1.win32_1.0.200.202406191623/tools/bin/../lib/gcc/arm-none-eabi/12.3.1/thumb/v7e-m/nofp/crtbegin.o
                [!provide]                        PROVIDE (__fini_array_end = .)
                0x0800ca74                        . = ALIGN (0x4)
                0x0800ca74                        _sidata = LOADADDR (.data)

.data           0x20000000       0x1c load address 0x0800ca74
                0x20000000                        . = ALIGN (0x4)
                0x20000000                        _sdata = .
 *(.data)
 *(.data*)
 .data.SystemCoreClock
                0x20000000        0x4 ./Core/Src/system_stm32wlxx.o
                0x20000000                SystemCoreClock
 .data.uwTickPrio
                0x20000004        0x4 ./Drivers/STM32WLxx_HAL_Driver/Src/stm32wlxx_hal.o
                0x20000004                uwTickPrio
 .data.MaxPayloadLength
                0x20000008        0x1 ./Middlewares/Third_Party/SubGHz_Phy/stm32_radio_driver/radio.o
 *fill*         0x20000009        0x3 
 .data.lower_digits
                0x2000000c        0x4 ./Utilities/misc/stm32_tiny_vsnprintf.o
 .data.upper_digits
                0x20000010        0x4 ./Utilities/misc/stm32_tiny_vsnprintf.o
 .data.TaskMask
                0x20000014        0x4 ./Utilities/sequencer/stm32_seq.o
 .data.SuperMask
                0x20000018        0x4 ./Utilities/sequencer/stm32_seq.o
 *(.RamFunc)
 *(.RamFunc*)
                0x2000001c                        . = ALIGN (0x4)
                0x2000001c                        _edata = .

.igot.plt       0x2000001c        0x0 load address 0x0800ca90
 .igot.plt      0x2000001c        0x0 C:/ST/STM32CubeIDE_1.16.0/STM32CubeIDE/plugins/com.st.stm32cube.ide.mcu.externaltools.gnu-tools-for-stm32.12.3.rel1.win32_1.0.200.202406191623/tools/bin/../lib/gcc/arm-none-eabi/12.3.1/thumb/v7e-m/nofp/crtbegin.o
                0x2000001c                        . = ALIGN (0x4)

.bss            0x20000020      0x9c8 load address 0x0800ca90
                0x20000020                        _sbss = .
                0x20000020                        __bss_start__ = _sbss
 *(.bss)
 .bss           0x20000020       0x1c C:/ST/STM32CubeIDE_1.16.0/STM32CubeIDE/plugins/com.st.stm32cube.ide.mcu.externaltools.gnu-tools-for-stm32.12.3.rel1.win32_1.0.200.202406191623/tools/bin/../lib/gcc/arm-none-eabi/12.3.1/thumb/v7e-m/nofp/crtbegin.o
 *(.bss*)
 .bss.hrtc      0x2000003c       0x38 ./Core/Src/rtc.o
                0x2000003c                hrtc
 .bss.hsubghz   0x20000074        0xc ./Core/Src/subghz.o
                0x20000074                hsubghz
 .bss.SYS_TimerInitialisedFlag
                0x20000080        0x1 ./Core/Src/sys_app.o
 .bss.RTC_Initialized
                0x20000081        0x1 ./Core/Src/timer_if.o
 *fill*         0x20000082        0x2 
 .bss.RtcTimerContext
                0x20000084        0x4 ./Core/Src/timer_if.o
 .bss.huart1    0x20000088       0x94 ./Core/Src/usart.o
                0x20000088                huart1
 .bss.hdma_usart1_tx
                0x2000011c       0x60 ./Core/Src/usart.o
                0x2000011c                hdma_usart1_tx
 .bss.charRx    0x2000017c        0x1 ./Core/Src/usart_if.o
                0x2000017c                charRx
 *fill*         0x2000017d        0x3 
 .bss.TxCpltCallback
                0x20000180        0x4 ./Core/Src/usart_if.o
 .bss.RxCpltCallback
                0x20000184        0x4 ./Core/Src/usart_if.o
 .bss.RadioBuffer
                0x20000188       0xff ./Middlewares/Third_Party/SubGHz_Phy/stm32_radio_driver/radio.o
 *fill*         0x20000287        0x1 
 .bss.RadioEvents