../SubGHz_Phy/App/subghz_phy_app.c:48:6:SubghzApp_Init	56	static
../SubGHz_Phy/App/subghz_phy_app.c:86:13:OnTxDone	8	static
../SubGHz_Phy/App/subghz_phy_app.c:94:13:OnRxDone	40	static
../SubGHz_Phy/App/subghz_phy_app.c:128:13:OnTxTimeout	8	static
../SubGHz_Phy/App/subghz_phy_app.c:134:13:OnRxTimeout	8	static
../SubGHz_Phy/App/subghz_phy_app.c:140:13:OnRxError	8	static
../SubGHz_Phy/App/subghz_phy_app.c:146:13:RX_Process	8	static
../SubGHz_Phy/App/subghz_phy_app.c:152:13:TX_Process	8	static
../SubGHz_Phy/App/subghz_phy_app.c:162:13:createPayload	64	static
../SubGHz_Phy/App/subghz_phy_app.c:180:13:isDuplicate	24	static
../SubGHz_Phy/App/subghz_phy_app.c:189:13:storePayload	16	static
../SubGHz_Phy/App/subghz_phy_app.c:198:6:HAL_GPIO_EXTI_Callback	16	static
